Archive member included to satisfy reference by file (symbol)

/opt/devkitpro/libctru/lib/libcitro2d.a(base.o)
                              main.o (C2D_Init)
/opt/devkitpro/libctru/lib/libcitro2d.a(text.o)
                              ui.o (C2D_TextBufNew)
/opt/devkitpro/libctru/lib/libcitro2d.a(font.o)
                              /opt/devkitpro/libctru/lib/libcitro2d.a(text.o) (C2D_FontGlyphIndexFromCodePoint)
/opt/devkitpro/libctru/lib/libcitro2d.a(render2d.shbin.o)
                              /opt/devkitpro/libctru/lib/libcitro2d.a(base.o) (render2d_shbin)
/opt/devkitpro/libctru/lib/libcitro3d.a(base.o)
                              main.o (C3D_Init)
/opt/devkitpro/libctru/lib/libcitro3d.a(renderqueue.o)
                              /opt/devkitpro/libctru/lib/libcitro3d.a(base.o) (C3Di_RenderQueueEnableVBlank)
/opt/devkitpro/libctru/lib/libcitro3d.a(texture.o)
                              /opt/devkitpro/libctru/lib/libcitro2d.a(base.o) (C3D_TexBind)
/opt/devkitpro/libctru/lib/libcitro3d.a(framebuffer.o)
                              /opt/devkitpro/libctru/lib/libcitro3d.a(renderqueue.o) (C3D_CalcColorBufSize)
/opt/devkitpro/libctru/lib/libcitro3d.a(texenv.o)
                              /opt/devkitpro/libctru/lib/libcitro2d.a(base.o) (C3D_GetTexEnv)
/opt/devkitpro/libctru/lib/libcitro3d.a(drawElements.o)
                              /opt/devkitpro/libctru/lib/libcitro2d.a(base.o) (C3D_DrawElements)
/opt/devkitpro/libctru/lib/libcitro3d.a(proctex.o)
                              /opt/devkitpro/libctru/lib/libcitro2d.a(base.o) (C3D_ProcTexInit)
/opt/devkitpro/libctru/lib/libcitro3d.a(buffers.o)
                              /opt/devkitpro/libctru/lib/libcitro2d.a(base.o) (BufInfo_Init)
/opt/devkitpro/libctru/lib/libcitro3d.a(effect.o)
                              /opt/devkitpro/libctru/lib/libcitro3d.a(base.o) (C3D_DepthMap)
/opt/devkitpro/libctru/lib/libcitro3d.a(attribs.o)
                              /opt/devkitpro/libctru/lib/libcitro2d.a(base.o) (AttrInfo_Init)
/opt/devkitpro/libctru/lib/libcitro3d.a(immediate.o)
                              /opt/devkitpro/libctru/lib/libcitro3d.a(base.o) (C3D_ImmSendAttrib)
/opt/devkitpro/libctru/lib/libcitro3d.a(uniforms.o)
                              /opt/devkitpro/libctru/lib/libcitro3d.a(base.o) (C3D_UpdateUniforms)
/opt/devkitpro/libctru/lib/libcitro3d.a(mtx_ortho.o)
                              /opt/devkitpro/libctru/lib/libcitro2d.a(base.o) (Mtx_Ortho)
/opt/devkitpro/libctru/lib/libcitro3d.a(mtx_scale.o)
                              /opt/devkitpro/libctru/lib/libcitro2d.a(base.o) (Mtx_Scale)
/opt/devkitpro/libctru/lib/libcitro3d.a(mtx_multiply.o)
                              /opt/devkitpro/libctru/lib/libcitro2d.a(base.o) (Mtx_Multiply)
/opt/devkitpro/libctru/lib/libcitro3d.a(mtx_orthotilt.o)
                              /opt/devkitpro/libctru/lib/libcitro2d.a(base.o) (Mtx_OrthoTilt)
/opt/devkitpro/libctru/lib/libcitro3d.a(mtx_translate.o)
                              /opt/devkitpro/libctru/lib/libcitro2d.a(base.o) (Mtx_Translate)
/opt/devkitpro/libctru/lib/libcitro3d.a(mtx_rotatez.o)
                              /opt/devkitpro/libctru/lib/libcitro2d.a(base.o) (Mtx_RotateZ)
/opt/devkitpro/libctru/lib/libctru.a(vram.o)
                              /opt/devkitpro/libctru/lib/libcitro3d.a(renderqueue.o) (vramAlloc)
/opt/devkitpro/libctru/lib/libctru.a(linear.o)
                              /opt/devkitpro/libctru/lib/libcitro2d.a(base.o) (linearAlloc)
/opt/devkitpro/libctru/lib/libctru.a(mem_pool.o)
                              /opt/devkitpro/libctru/lib/libctru.a(vram.o) (MemPool::Allocate(MemChunk&, unsigned long, int))
/opt/devkitpro/libctru/lib/libctru.a(romfs_dev.o)
                              /opt/devkitpro/libctru/lib/libcitro2d.a(font.o) (romfsMountFromTitle)
/opt/devkitpro/libctru/lib/libctru.a(os.o)
                              /opt/devkitpro/libctru/lib/libcitro3d.a(texture.o) (osConvertVirtToPhys)
/opt/devkitpro/libctru/lib/libctru.a(path_buf.o)
                              /opt/devkitpro/libctru/lib/libctru.a(romfs_dev.o) (__ctru_dev_utf16_buf)
/opt/devkitpro/libctru/lib/libctru.a(font.o)
                              /opt/devkitpro/libctru/lib/libcitro2d.a(text.o) (fontEnsureMapped)
/opt/devkitpro/libctru/lib/libctru.a(gfx.o)
                              /opt/devkitpro/libctru/lib/libcitro2d.a(base.o) (gfxIsWide)
/opt/devkitpro/libctru/lib/libctru.a(shaderProgram.o)
                              /opt/devkitpro/libctru/lib/libcitro2d.a(base.o) (shaderInstanceGetUniformLocation)
/opt/devkitpro/libctru/lib/libctru.a(shbin.o)
                              /opt/devkitpro/libctru/lib/libcitro2d.a(base.o) (DVLB_ParseFile)
/opt/devkitpro/libctru/lib/libctru.a(gx.o)
                              /opt/devkitpro/libctru/lib/libcitro3d.a(renderqueue.o) (GX_BindQueue)
/opt/devkitpro/libctru/lib/libctru.a(gxqueue.o)
                              /opt/devkitpro/libctru/lib/libcitro3d.a(renderqueue.o) (gxCmdQueueClear)
[...]
Memory Configuration

Name             Origin             Length             Attributes
*default*        0x0000000000000000 0xffffffffffffffff

Linker script and memory map

                0x0000000000100000                PROVIDE (__start__ = 0x100000)
                0x0000000000100000                . = __start__

.text           0x0000000000100000    0x12840
 *(.crt0)
 .crt0          0x0000000000100000       0x94 /opt/devkitpro/devkitARM/bin/../lib/gcc/arm-none-eabi/12.2.0/../../../../arm-none-eabi/lib/armv6k/fpu/3dsx_crt0.o
                0x0000000000100000                _start
                0x0000000000100008                __service_ptr
                0x000000000010000c                __apt_appid
                0x0000000000100010                __heap_size
                0x0000000000100014                __linear_heap_size
                0x0000000000100018                __system_arglist
                0x000000000010001c                __system_runflags
 *(.init)
 .init          0x0000000000100094        0xc /opt/devkitpro/devkitARM/bin/../lib/gcc/arm-none-eabi/12.2.0/armv6k/fpu/crti.o
                0x0000000000100094                _init
 .init          0x00000000001000a0        0xc /opt/devkitpro/devkitARM/bin/../lib/gcc/arm-none-eabi/12.2.0/armv6k/fpu/crtn.o
                0x00000000001000ac                . = ALIGN (0x4)
 *(.text)
 .text          0x00000000001000ac      0x20c /opt/devkitpro/devkitARM/bin/../lib/gcc/arm-none-eabi/12.2.0/armv6k/fpu/libgcc.a(_udivsi3.o)
                0x00000000001000ac                __udivsi3
                0x00000000001000ac                __aeabi_uidiv
                0x0000000000100298                __aeabi_uidivmod
 .text          0x00000000001002b8      0x240 /opt/devkitpro/devkitARM/bin/../lib/gcc/arm-none-eabi/12.2.0/armv6k/fpu/libgcc.a(_divsi3.o)
                0x00000000001002b8                __aeabi_idiv
                0x00000000001002b8                __divsi3
                0x00000000001004d8                __aeabi_idivmod
 .text          0x00000000001004f8        0x4 /opt/devkitpro/devkitARM/bin/../lib/gcc/arm-none-eabi/12.2.0/armv6k/fpu/libgcc.a(_dvmd_tls.o)
                0x00000000001004f8                __aeabi_ldiv0
                0x00000000001004f8                __aeabi_idiv0
 *fill*         0x00000000001004fc        0x4 
 .text          0x0000000000100500      0x390 /opt/devkitpro/devkitARM/bin/../lib/gcc/arm-none-eabi/12.2.0/../../../../arm-none-eabi/lib/armv6k/fpu/libg.a(lib_a-strcmp.o)
                0x0000000000100508                strcmp
 *(.text.*)
 .text.__do_global_dtors_aux
                0x0000000000100890       0x40 /opt/devkitpro/devkitARM/bin/../lib/gcc/arm-none-eabi/12.2.0/armv6k/fpu/crtbegin.o
 .text.frame_dummy
                0x00000000001008d0       0x2c /opt/devkitpro/devkitARM/bin/../lib/gcc/arm-none-eabi/12.2.0/armv6k/fpu/crtbegin.o
 .text.startup.main
                0x00000000001008fc       0xe8 main.o
                0x00000000001008fc                main
 .text.drawText
                0x00000000001009e4       0x84 ui.o
                0x00000000001009e4                drawText
 .text.C2Di_FrameEndHook
                0x0000000000100a68       0x44 /opt/devkitpro/libctru/lib/libcitro2d.a(base.o)
 *fill*         0x0000000000100aac        0x4 
 .text.C2D_Init
                0x0000000000100ab0      0x36c /opt/devkitpro/libctru/lib/libcitro2d.a(base.o)
                0x0000000000100ab0                C2D_Init
 .text.C2D_Fini
                0x0000000000100e1c       0x4c /opt/devkitpro/libctru/lib/libcitro2d.a(base.o)
                0x0000000000100e1c                C2D_Fini
 .text.C2D_Prepare
                0x0000000000100e68       0xb8 /opt/devkitpro/libctru/lib/libcitro2d.a(base.o)
                0x0000000000100e68                C2D_Prepare
 .text.C2D_Flush
                0x0000000000100f20       0x48 /opt/devkitpro/libctru/lib/libcitro2d.a(base.o)
                0x0000000000100f20                C2D_Flush
 .text.C2D_SceneSize
                0x0000000000100f68      0x104 /opt/devkitpro/libctru/lib/libcitro2d.a(base.o)
                0x0000000000100f68                C2D_SceneSize
 .text.C2D_CreateScreenTarget
                0x000000000010106c       0x58 /opt/devkitpro/libctru/lib/libcitro2d.a(base.o)
                0x000000000010106c                C2D_CreateScreenTarget
 .text.C2D_TargetClear
                0x00000000001010c4       0x64 /opt/devkitpro/libctru/lib/libcitro2d.a(base.o)
                0x00000000001010c4                C2D_TargetClear
 .text.C2Di_AppendQuad
                0x0000000000101128       0x58 /opt/devkitpro/libctru/lib/libcitro2d.a(base.o)
                0x0000000000101128                C2Di_AppendQuad
 .text.C2Di_AppendVtx
                0x0000000000101180       0x40 /opt/devkitpro/libctru/lib/libcitro2d.a(base.o)
                0x0000000000101180                C2Di_AppendVtx
 .text.C2Di_Update
                0x00000000001011c0      0x550 /opt/devkitpro/libctru/lib/libcitro2d.a(base.o)
                0x00000000001011c0                C2Di_Update
 .text.C2Di_GlyphComp
                0x0000000000101710       0x18 /opt/devkitpro/libctru/lib/libcitro2d.a(text.o)
 .text.C2Di_CalcLineWidths
                0x0000000000101728      0x140 /opt/devkitpro/libctru/lib/libcitro2d.a(text.o)
 .text.C2D_TextBufNew
                0x0000000000101868      0x1dc /opt/devkitpro/libctru/lib/libcitro2d.a(text.o)
                0x0000000000101868                C2D_TextBufNew
 .text.C2D_TextBufDelete
                0x0000000000101a44        0x4 /opt/devkitpro/libctru/lib/libcitro2d.a(text.o)
                0x0000000000101a44                C2D_TextBufDelete
 .text.C2D_TextFontParseLine
                0x0000000000101a48      0x1c8 /opt/devkitpro/libctru/lib/libcitro2d.a(text.o)
                0x0000000000101a48                C2D_TextFontParseLine
 .text.C2D_TextFontParse
                0x0000000000101c10       0xa8 /opt/devkitpro/libctru/lib/libcitro2d.a(text.o)
                0x0000000000101c10                C2D_TextFontParse
 .text.C2D_TextParse
                0x0000000000101cb8       0x14 /opt/devkitpro/libctru/lib/libcitro2d.a(text.o)
                0x0000000000101cb8                C2D_TextParse
 .text.C2D_TextOptimize
                0x0000000000101ccc       0x30 /opt/devkitpro/libctru/lib/libcitro2d.a(text.o)
                0x0000000000101ccc                C2D_TextOptimize
 .text.C2D_DrawText
                0x0000000000101cfc      0xf6c /opt/devkitpro/libctru/lib/libcitro2d.a(text.o)
                0x0000000000101cfc                C2D_DrawText
 .text.C2D_FontGlyphIndexFromCodePoint
                0x0000000000102c68       0x44 /opt/devkitpro/libctru/lib/libcitro2d.a(font.o)
                0x0000000000102c68                C2D_FontGlyphIndexFromCodePoint
 .text.C2D_FontCalcGlyphPos
                0x0000000000102cac       0x78 /opt/devkitpro/libctru/lib/libcitro2d.a(font.o)
                0x0000000000102cac                C2D_FontCalcGlyphPos
 .text.C3Di_LightEnvUpdate
                0x0000000000102d24        0x4 /opt/devkitpro/libctru/lib/libcitro3d.a(base.o)
                0x0000000000102d24                C3Di_LightEnvUpdate
 .text.C3Di_LightEnvDirty
                0x0000000000102d28        0x4 /opt/devkitpro/libctru/lib/libcitro3d.a(base.o)
                0x0000000000102d28                C3Di_LightEnvDirty
 .text.C3Di_AptEventHook
                0x0000000000102d2c       0xb4 /opt/devkitpro/libctru/lib/libcitro3d.a(base.o)
 .text.C3Di_GasUpdate
                0x0000000000102de0        0x4 /opt/devkitpro/libctru/lib/libcitro3d.a(base.o)
                0x0000000000102de0                C3Di_GasUpdate
 .text.C3D_Init
                0x0000000000102de4      0x1e0 /opt/devkitpro/libctru/lib/libcitro3d.a(base.o)
                0x0000000000102de4                C3D_Init
 .text.C3D_SetViewport
                0x0000000000102fc4       0x98 /opt/devkitpro/libctru/lib/libcitro3d.a(base.o)
                0x0000000000102fc4                C3D_SetViewport
 .text.C3Di_UpdateContext
                0x000000000010305c      0x4e8 /opt/devkitpro/libctru/lib/libcitro3d.a(base.o)
                0x000000000010305c                C3Di_UpdateContext
 .text.C3Di_SplitFrame
                0x0000000000103544       0xe0 /opt/devkitpro/libctru/lib/libcitro3d.a(base.o)
                0x0000000000103544                C3Di_SplitFrame
 .text.C3D_Fini
                0x0000000000103624       0x44 /opt/devkitpro/libctru/lib/libcitro3d.a(base.o)
                0x0000000000103624                C3D_Fini
 .text.C3D_BindProgram
                0x0000000000103668      0x114 /opt/devkitpro/libctru/lib/libcitro3d.a(base.o)
                0x0000000000103668                C3D_BindProgram
 .text.onVBlank0
                0x000000000010377c       0x4c /opt/devkitpro/libctru/lib/libcitro3d.a(renderqueue.o)
 .text.onVBlank1
                0x00000000001037c8       0x4c /opt/devkitpro/libctru/lib/libcitro3d.a(renderqueue.o)
 .text.C3Di_RenderTargetDestroy
                0x0000000000103814       0x80 /opt/devkitpro/libctru/lib/libcitro3d.a(renderqueue.o)
 .text.onQueueFinish
                0x0000000000103894       0xf4 /opt/devkitpro/libctru/lib/libcitro3d.a(renderqueue.o)
 .text.C3Di_RenderQueueEnableVBlank
                0x0000000000103988       0x38 /opt/devkitpro/libctru/lib/libcitro3d.a(renderqueue.o)
                0x0000000000103988                C3Di_RenderQueueEnableVBlank
 .text.C3Di_RenderQueueDisableVBlank
                0x00000000001039c0       0x30 /opt/devkitpro/libctru/lib/libcitro3d.a(renderqueue.o)
                0x00000000001039c0                C3Di_RenderQueueDisableVBlank
 .text.C3Di_RenderQueueInit
                0x00000000001039f0       0x60 /opt/devkitpro/libctru/lib/libcitro3d.a(renderqueue.o)
                0x00000000001039f0                C3Di_RenderQueueInit
 .text.C3Di_RenderQueueExit
                0x0000000000103a50       0xb0 /opt/devkitpro/libctru/lib/libcitro3d.a(renderqueue.o)
                0x0000000000103a50                C3Di_RenderQueueExit
 .text.C3Di_RenderQueueWaitDone
                0x0000000000103b00       0x34 /opt/devkitpro/libctru/lib/libcitro3d.a(renderqueue.o)
                0x0000000000103b00                C3Di_RenderQueueWaitDone
 .text.C3D_FrameBegin
                0x0000000000103b34       0xe4 /opt/devkitpro/libctru/lib/libcitro3d.a(renderqueue.o)
                0x0000000000103b34                C3D_FrameBegin
 .text.C3D_FrameDrawOn
                0x0000000000103c18       0x48 /opt/devkitpro/libctru/lib/libcitro3d.a(renderqueue.o)
                0x0000000000103c18                C3D_FrameDrawOn
 .text.C3D_FrameSplit
                0x0000000000103c60       0x58 /opt/devkitpro/libctru/lib/libcitro3d.a(renderqueue.o)
                0x0000000000103c60                C3D_FrameSplit
 .text.C3D_FrameEnd
                0x0000000000103cb8      0x1d8 /opt/devkitpro/libctru/lib/libcitro3d.a(renderqueue.o)
                0x0000000000103cb8                C3D_FrameEnd
 .text.C3D_FrameEndHook
                0x0000000000103e90       0x1c /opt/devkitpro/libctru/lib/libcitro3d.a(renderqueue.o)
                0x0000000000103e90                C3D_FrameEndHook
 .text.C3D_RenderTargetCreate
                0x0000000000103eac      0x184 /opt/devkitpro/libctru/lib/libcitro3d.a(renderqueue.o)
                0x0000000000103eac                C3D_RenderTargetCreate
 .text.C3D_RenderTargetSetOutput
                0x0000000000104030       0xa8 /opt/devkitpro/libctru/lib/libcitro3d.a(renderqueue.o)
                0x0000000000104030                C3D_RenderTargetSetOutput
 .text.C3D_TexBind
                0x00000000001040d8       0x44 /opt/devkitpro/libctru/lib/libcitro3d.a(texture.o)
                0x00000000001040d8                C3D_TexBind
 .text.C3Di_SetTex
                0x000000000010411c      0x16c /opt/devkitpro/libctru/lib/libcitro3d.a(texture.o)
                0x000000000010411c                C3Di_SetTex
 .text.C3D_CalcColorBufSize
                0x0000000000104288       0x1c /opt/devkitpro/libctru/lib/libcitro3d.a(framebuffer.o)
                0x0000000000104288                C3D_CalcColorBufSize
 .text.C3D_CalcDepthBufSize
                0x00000000001042a4       0x1c /opt/devkitpro/libctru/lib/libcitro3d.a(framebuffer.o)
                0x00000000001042a4                C3D_CalcDepthBufSize
 .text.C3D_SetFrameBuf
                0x00000000001042c0       0x44 /opt/devkitpro/libctru/lib/libcitro3d.a(framebuffer.o)
                0x00000000001042c0                C3D_SetFrameBuf
 .text.C3Di_FrameBufBind
                0x0000000000104304      0x16c /opt/devkitpro/libctru/lib/libcitro3d.a(framebuffer.o)
                0x0000000000104304                C3Di_FrameBufBind
 .text.C3D_FrameBufClear
                0x0000000000104470       0xc8 /opt/devkitpro/libctru/lib/libcitro3d.a(framebuffer.o)
                0x0000000000104470                C3D_FrameBufClear
 .text.C3D_FrameBufTransfer
                0x0000000000104538       0x44 /opt/devkitpro/libctru/lib/libcitro3d.a(framebuffer.o)
                0x0000000000104538                C3D_FrameBufTransfer
 .text.C3D_GetTexEnv
                0x000000000010457c       0x34 /opt/devkitpro/libctru/lib/libcitro3d.a(texenv.o)
                0x000000000010457c                C3D_GetTexEnv
 .text.C3Di_TexEnvBind
                0x00000000001045b0       0x24 /opt/devkitpro/libctru/lib/libcitro3d.a(texenv.o)
                0x00000000001045b0                C3Di_TexEnvBind
 .text.C3D_DrawElements
                0x00000000001045d4      0x218 /opt/devkitpro/libctru/lib/libcitro3d.a(drawElements.o)
                0x00000000001045d4                C3D_DrawElements
 .text.C3D_ProcTexInit
                0x00000000001047ec       0x70 /opt/devkitpro/libctru/lib/libcitro3d.a(proctex.o)
                0x00000000001047ec                C3D_ProcTexInit
 .text.C3D_ProcTexBind
                0x000000000010485c       0x54 /opt/devkitpro/libctru/lib/libcitro3d.a(proctex.o)
                0x000000000010485c                C3D_ProcTexBind
 .text.C3D_ProcTexLutBind
                0x00000000001048b0       0x5c /opt/devkitpro/libctru/lib/libcitro3d.a(proctex.o)
                0x00000000001048b0                C3D_ProcTexLutBind
 .text.ProcTexLut_FromArray
                0x000000000010490c       0xa4 /opt/devkitpro/libctru/lib/libcitro3d.a(proctex.o)
                0x000000000010490c                ProcTexLut_FromArray
 .text.C3Di_ProcTexUpdate
                0x00000000001049b0      0x17c /opt/devkitpro/libctru/lib/libcitro3d.a(proctex.o)
                0x00000000001049b0                C3Di_ProcTexUpdate
 .text.C3Di_ProcTexDirty
                0x0000000000104b2c       0x68 /opt/devkitpro/libctru/lib/libcitro3d.a(proctex.o)
                0x0000000000104b2c                C3Di_ProcTexDirty
 .text.BufInfo_Init
                0x0000000000104b94       0x24 /opt/devkitpro/libctru/lib/libcitro3d.a(buffers.o)
                0x0000000000104b94                BufInfo_Init
 .text.BufInfo_Add
                0x0000000000104bb8       0x80 /opt/devkitpro/libctru/lib/libcitro3d.a(buffers.o)
                0x0000000000104bb8                BufInfo_Add
 .text.C3D_SetBufInfo
                0x0000000000104c38       0x40 /opt/devkitpro/libctru/lib/libcitro3d.a(buffers.o)
                0x0000000000104c38                C3D_SetBufInfo
 .text.C3Di_BufInfoBind
                0x0000000000104c78       0x48 /opt/devkitpro/libctru/lib/libcitro3d.a(buffers.o)
                0x0000000000104c78                C3Di_BufInfoBind
 .text.C3D_DepthMap
                0x0000000000104cc0       0x40 /opt/devkitpro/libctru/lib/libcitro3d.a(effect.o)
                0x0000000000104cc0                C3D_DepthMap
 .text.C3D_CullFace
                0x0000000000104d00       0x1c /opt/devkitpro/libctru/lib/libcitro3d.a(effect.o)
                0x0000000000104d00                C3D_CullFace
 .text.C3D_StencilTest
                0x0000000000104d1c       0x40 /opt/devkitpro/libctru/lib/libcitro3d.a(effect.o)
                0x0000000000104d1c                C3D_StencilTest
 .text.C3D_StencilOp
                0x0000000000104d5c       0x24 /opt/devkitpro/libctru/lib/libcitro3d.a(effect.o)
                0x0000000000104d5c                C3D_StencilOp
 .text.C3D_BlendingColor
                0x0000000000104d80       0x1c /opt/devkitpro/libctru/lib/libcitro3d.a(effect.o)
                0x0000000000104d80                C3D_BlendingColor
 .text.C3D_EarlyDepthTest
                0x0000000000104d9c       0x24 /opt/devkitpro/libctru/lib/libcitro3d.a(effect.o)
                0x0000000000104d9c                C3D_EarlyDepthTest
 .text.C3D_DepthTest
                0x0000000000104dc0       0x2c /opt/devkitpro/libctru/lib/libcitro3d.a(effect.o)
                0x0000000000104dc0                C3D_DepthTest
 .text.C3D_AlphaTest
                0x0000000000104dec       0x2c /opt/devkitpro/libctru/lib/libcitro3d.a(effect.o)
                0x0000000000104dec                C3D_AlphaTest
 .text.C3D_AlphaBlend
                0x0000000000104e18       0x50 /opt/devkitpro/libctru/lib/libcitro3d.a(effect.o)
                0x0000000000104e18                C3D_AlphaBlend
 .text.C3D_FragOpMode
                0x0000000000104e68       0x30 /opt/devkitpro/libctru/lib/libcitro3d.a(effect.o)
                0x0000000000104e68                C3D_FragOpMode
 .text.C3D_FragOpShadow
                0x0000000000104e98       0x44 /opt/devkitpro/libctru/lib/libcitro3d.a(effect.o)
                0x0000000000104e98                C3D_FragOpShadow
 .text.C3Di_EffectBind
                0x0000000000104edc      0x1ac /opt/devkitpro/libctru/lib/libcitro3d.a(effect.o)
                0x0000000000104edc                C3Di_EffectBind
 .text.AttrInfo_Init
                0x0000000000105088       0x28 /opt/devkitpro/libctru/lib/libcitro3d.a(attribs.o)
                0x0000000000105088                AttrInfo_Init
 .text.AttrInfo_AddLoader
                0x00000000001050b0       0x94 /opt/devkitpro/libctru/lib/libcitro3d.a(attribs.o)
                0x00000000001050b0                AttrInfo_AddLoader
 .text.C3D_SetAttrInfo
                0x0000000000105144       0x54 /opt/devkitpro/libctru/lib/libcitro3d.a(attribs.o)
                0x0000000000105144                C3D_SetAttrInfo
 .text.C3Di_AttrInfoBind
                0x0000000000105198       0x80 /opt/devkitpro/libctru/lib/libcitro3d.a(attribs.o)
                0x0000000000105198                C3Di_AttrInfoBind
 .text.C3D_ImmSendAttrib
                0x0000000000105218       0xa8 /opt/devkitpro/libctru/lib/libcitro3d.a(immediate.o)
                0x0000000000105218                C3D_ImmSendAttrib
 .text.C3D_UpdateUniforms
                0x00000000001052c0      0x280 /opt/devkitpro/libctru/lib/libcitro3d.a(uniforms.o)
                0x00000000001052c0                C3D_UpdateUniforms
 .text.C3Di_DirtyUniforms
                0x0000000000105540       0xc0 /opt/devkitpro/libctru/lib/libcitro3d.a(uniforms.o)
                0x0000000000105540                C3Di_DirtyUniforms
 .text.C3Di_LoadShaderUniforms
                0x0000000000105600       0xd8 /opt/devkitpro/libctru/lib/libcitro3d.a(uniforms.o)
                0x0000000000105600                C3Di_LoadShaderUniforms
 .text.C3Di_ClearShaderUniforms
                0x00000000001056d8       0x28 /opt/devkitpro/libctru/lib/libcitro3d.a(uniforms.o)
                0x00000000001056d8                C3Di_ClearShaderUniforms
 .text.Mtx_Ortho
                0x0000000000105700       0xcc /opt/devkitpro/libctru/lib/libcitro3d.a(mtx_ortho.o)
                0x0000000000105700                Mtx_Ortho
 .text.Mtx_OrthoTilt
                0x00000000001057cc       0xcc /opt/devkitpro/libctru/lib/libcitro3d.a(mtx_orthotilt.o)
                0x00000000001057cc                Mtx_OrthoTilt
 .text._ZL21addrMapNodeComparatorPK11rbtree_nodeS1_
                0x0000000000105898       0x24 /opt/devkitpro/libctru/lib/libctru.a(vram.o)
 .text._ZL21addrMapNodeDestructorP11rbtree_node
                0x00000000001058bc        0x4 /opt/devkitpro/libctru/lib/libctru.a(vram.o)
 .text.vramMemAlignAt
                0x00000000001058c0      0x250 /opt/devkitpro/libctru/lib/libctru.a(vram.o)
                0x00000000001058c0                vramMemAlignAt
 .text.vramAlloc
                0x0000000000105b10        0xc /opt/devkitpro/libctru/lib/libctru.a(vram.o)
                0x0000000000105b10                vramAlloc
 .text.vramAllocAt
                0x0000000000105b1c        0xc /opt/devkitpro/libctru/lib/libctru.a(vram.o)
                0x0000000000105b1c                vramAllocAt
 .text.vramFree
                0x0000000000105b28       0x90 /opt/devkitpro/libctru/lib/libctru.a(vram.o)
                0x0000000000105b28                vramFree
 .text._ZL21addrMapNodeComparatorPK11rbtree_nodeS1_
                0x0000000000105bb8       0x24 /opt/devkitpro/libctru/lib/libctru.a(linear.o)
 .text._ZL21addrMapNodeDestructorP11rbtree_node
                0x0000000000105bdc        0x4 /opt/devkitpro/libctru/lib/libctru.a(linear.o)
 .text.linearMemAlign
                0x0000000000105be0      0x120 /opt/devkitpro/libctru/lib/libctru.a(linear.o)
                0x0000000000105be0                linearMemAlign
 .text.linearAlloc
                0x0000000000105d00        0x8 /opt/devkitpro/libctru/lib/libctru.a(linear.o)
                0x0000000000105d00                linearAlloc
 .text.linearFree
                0x0000000000105d08       0x5c /opt/devkitpro/libctru/lib/libctru.a(linear.o)
                0x0000000000105d08                linearFree
 .text._ZN7MemPool13CoalesceRightEP8MemBlock
                0x0000000000105d64       0x80 /opt/devkitpro/libctru/lib/libctru.a(mem_pool.o)
                0x0000000000105d64                MemPool::CoalesceRight(MemBlock*)
 .text._ZN7MemPool8AllocateER8MemChunkmi
                0x0000000000105de4      0x16c /opt/devkitpro/libctru/lib/libctru.a(mem_pool.o)
                0x0000000000105de4                MemPool::Allocate(MemChunk&, unsigned long, int)
 .text._ZN7MemPool10DeallocateERK8MemChunk
                0x0000000000105f50       0xfc /opt/devkitpro/libctru/lib/libctru.a(mem_pool.o)
                0x0000000000105f50                MemPool::Deallocate(MemChunk const&)
 .text._ZN7MemPool12GetFreeSpaceEv
                0x000000000010604c       0x30 /opt/devkitpro/libctru/lib/libctru.a(mem_pool.o)
                0x000000000010604c                MemPool::GetFreeSpace()
 .text.osConvertVirtToPhys
                0x000000000010607c       0x74 /opt/devkitpro/libctru/lib/libctru.a(os.o)
                0x000000000010607c                osConvertVirtToPhys
 .text.__ctru_speedup_config
                0x00000000001060f0       0x34 /opt/devkitpro/libctru/lib/libctru.a(os.o)
                0x00000000001060f0                __ctru_speedup_config
 .text.fontEnsureMapped
                0x0000000000106124       0x94 /opt/devkitpro/libctru/lib/libctru.a(font.o)
                0x0000000000106124                fontEnsureMapped
 .text.fontGlyphIndexFromCodePoint
                0x00000000001061b8      0x100 /opt/devkitpro/libctru/lib/libctru.a(font.o)
                0x00000000001061b8                fontGlyphIndexFromCodePoint
 .text.fontCalcGlyphPos
                0x00000000001062b8      0x1ec /opt/devkitpro/libctru/lib/libctru.a(font.o)
                0x00000000001062b8                fontCalcGlyphPos
 .text.gfxPresentFramebuffer
                0x00000000001064a4       0xd0 /opt/devkitpro/libctru/lib/libctru.a(gfx.o)
 .text.gfxIsWide
                0x0000000000106574       0x1c /opt/devkitpro/libctru/lib/libctru.a(gfx.o)
                0x0000000000106574                gfxIsWide
 .text.gfxSetScreenFormat
                0x0000000000106590       0xec /opt/devkitpro/libctru/lib/libctru.a(gfx.o)
                0x0000000000106590                gfxSetScreenFormat
 .text.gfxInit  0x000000000010667c       0xe0 /opt/devkitpro/libctru/lib/libctru.a(gfx.o)
                0x000000000010667c                gfxInit
 .text.gfxInitDefault
                0x000000000010675c       0x10 /opt/devkitpro/libctru/lib/libctru.a(gfx.o)
                0x000000000010675c                gfxInitDefault
 .text.gfxExit  0x000000000010676c       0xb4 /opt/devkitpro/libctru/lib/libctru.a(gfx.o)
                0x000000000010676c                gfxExit
 .text.gfxGetFramebuffer
                0x0000000000106820       0xa0 /opt/devkitpro/libctru/lib/libctru.a(gfx.o)
                0x0000000000106820                gfxGetFramebuffer
 .text.gfxScreenSwapBuffers
                0x00000000001068c0       0x30 /opt/devkitpro/libctru/lib/libctru.a(gfx.o)
                0x00000000001068c0                gfxScreenSwapBuffers
 .text.shaderInstanceInit
                0x00000000001068f0      0x1d4 /opt/devkitpro/libctru/lib/libctru.a(shaderProgram.o)
                0x00000000001068f0                shaderInstanceInit
 .text.shaderInstanceGetUniformLocation
                0x0000000000106ac4       0x18 /opt/devkitpro/libctru/lib/libctru.a(shaderProgram.o)
                0x0000000000106ac4                shaderInstanceGetUniformLocation
 .text.shaderProgramInit
                0x0000000000106adc       0x1c /opt/devkitpro/libctru/lib/libctru.a(shaderProgram.o)
                0x0000000000106adc                shaderProgramInit
 .text.shaderProgramFree
                0x0000000000106af8       0x64 /opt/devkitpro/libctru/lib/libctru.a(shaderProgram.o)
                0x0000000000106af8                shaderProgramFree
 .text.shaderProgramSetVsh
                0x0000000000106b5c       0x80 /opt/devkitpro/libctru/lib/libctru.a(shaderProgram.o)
                0x0000000000106b5c                shaderProgramSetVsh
 .text.shaderProgramConfigure
                0x0000000000106bdc      0x8e0 /opt/devkitpro/libctru/lib/libctru.a(shaderProgram.o)
                0x0000000000106bdc                shaderProgramConfigure
 .text.DVLE_GenerateOutmap.part.0
                0x00000000001074bc      0x1cc /opt/devkitpro/libctru/lib/libctru.a(shbin.o)
 .text.DVLB_ParseFile
                0x0000000000107688      0x1b4 /opt/devkitpro/libctru/lib/libctru.a(shbin.o)
                0x0000000000107688                DVLB_ParseFile
 .text.DVLB_Free
                0x000000000010783c       0x38 /opt/devkitpro/libctru/lib/libctru.a(shbin.o)
                0x000000000010783c                DVLB_Free
 .text.DVLE_GetUniformRegister
                0x0000000000107874       0x74 /opt/devkitpro/libctru/lib/libctru.a(shbin.o)
                0x0000000000107874                DVLE_GetUniformRegister
 .text.GX_BindQueue
                0x00000000001078e8       0x10 /opt/devkitpro/libctru/lib/libctru.a(gx.o)
                0x00000000001078e8                GX_BindQueue
 .text.GX_ProcessCommandList
                0x00000000001078f8       0x78 /opt/devkitpro/libctru/lib/libctru.a(gx.o)
                0x00000000001078f8                GX_ProcessCommandList
 .text.GX_MemoryFill
                0x0000000000107970       0x74 /opt/devkitpro/libctru/lib/libctru.a(gx.o)
                0x0000000000107970                GX_MemoryFill
 .text.GX_DisplayTransfer
                0x00000000001079e4       0x70 /opt/devkitpro/libctru/lib/libctru.a(gx.o)
                0x00000000001079e4                GX_DisplayTransfer
 .text.gxCmdQueueDoCommands.part.0
                0x0000000000107a54       0x68 /opt/devkitpro/libctru/lib/libctru.a(gxqueue.o)
 .text.gxCmdQueueInterrupt
                0x0000000000107abc       0xc8 /opt/devkitpro/libctru/lib/libctru.a(gxqueue.o)
                0x0000000000107abc                gxCmdQueueInterrupt
 .text.gxCmdQueueClear
                0x0000000000107b84       0x4c /opt/devkitpro/libctru/lib/libctru.a(gxqueue.o)
                0x0000000000107b84                gxCmdQueueClear
 .text.gxCmdQueueAdd
                0x0000000000107bd0       0xf8 /opt/devkitpro/libctru/lib/libctru.a(gxqueue.o)
                0x0000000000107bd0                gxCmdQueueAdd
 .text.gxCmdQueueRun
                0x0000000000107cc8       0x80 /opt/devkitpro/libctru/lib/libctru.a(gxqueue.o)
                0x0000000000107cc8                gxCmdQueueRun
 .text.gxCmdQueueStop
                0x0000000000107d48       0x60 /opt/devkitpro/libctru/lib/libctru.a(gxqueue.o)
                0x0000000000107d48                gxCmdQueueStop
 .text.gxCmdQueueWait
                0x0000000000107da8       0x74 /opt/devkitpro/libctru/lib/libctru.a(gxqueue.o)
                0x0000000000107da8                gxCmdQueueWait
 .text.GPUCMD_Add
                0x0000000000107e1c      0x13c /opt/devkitpro/libctru/lib/libctru.a(gpu.o)
                0x0000000000107e1c                GPUCMD_Add
 .text.GPUCMD_Split
                0x0000000000107f58       0xb0 /opt/devkitpro/libctru/lib/libctru.a(gpu.o)
                0x0000000000107f58                GPUCMD_Split
 .text.f32tof16
                0x0000000000108008       0x34 /opt/devkitpro/libctru/lib/libctru.a(gpu.o)
                0x0000000000108008                f32tof16
 .text.f32tof24
                0x000000000010803c       0x34 /opt/devkitpro/libctru/lib/libctru.a(gpu.o)
                0x000000000010803c                f32tof24
 .text.f32tof31
                0x0000000000108070       0x38 /opt/devkitpro/libctru/lib/libctru.a(gpu.o)
                0x0000000000108070                f32tof31
 .text.gspHardwareInit
                0x00000000001080a8      0xc58 /opt/devkitpro/libctru/lib/libctru.a(gspgpu.o)
 .text.gspInit  0x0000000000108d00      0x248 /opt/devkitpro/libctru/lib/libctru.a(gspgpu.o)
                0x0000000000108d00                gspInit
 .text.gspExit  0x0000000000108f48       0xf0 /opt/devkitpro/libctru/lib/libctru.a(gspgpu.o)
                0x0000000000108f48                gspExit
 .text.gspHasGpuRight
                0x0000000000109038       0x10 /opt/devkitpro/libctru/lib/libctru.a(gspgpu.o)
                0x0000000000109038                gspHasGpuRight
 .text.gspPresentBuffer
                0x0000000000109048       0xa0 /opt/devkitpro/libctru/lib/libctru.a(gspgpu.o)
                0x0000000000109048                gspPresentBuffer
 .text.gspSetEventCallback
                0x00000000001090e8       0x30 /opt/devkitpro/libctru/lib/libctru.a(gspgpu.o)
                0x00000000001090e8                gspSetEventCallback
 .text.gspWaitForEvent
                0x0000000000109118       0x44 /opt/devkitpro/libctru/lib/libctru.a(gspgpu.o)
                0x0000000000109118                gspWaitForEvent
 .text.gspWaitForAnyEvent
                0x000000000010915c       0x4c /opt/devkitpro/libctru/lib/libctru.a(gspgpu.o)
                0x000000000010915c                gspWaitForAnyEvent
 .text.gspEventThreadMain
                0x00000000001091a8      0x158 /opt/devkitpro/libctru/lib/libctru.a(gspgpu.o)
 .text.gspSubmitGxCommand
                0x0000000000109300      0x130 /opt/devkitpro/libctru/lib/libctru.a(gspgpu.o)
                0x0000000000109300                gspSubmitGxCommand
 .text.GSPGPU_FlushDataCache
                0x0000000000109430       0x50 /opt/devkitpro/libctru/lib/libctru.a(gspgpu.o)
                0x0000000000109430                GSPGPU_FlushDataCache
 .text.GSPGPU_SetLcdForceBlack
                0x0000000000109480       0x34 /opt/devkitpro/libctru/lib/libctru.a(gspgpu.o)
                0x0000000000109480                GSPGPU_SetLcdForceBlack
 .text.GSPGPU_AcquireRight
                0x00000000001094b4       0x68 /opt/devkitpro/libctru/lib/libctru.a(gspgpu.o)
                0x00000000001094b4                GSPGPU_AcquireRight
 .text.GSPGPU_ReleaseRight
                0x000000000010951c       0x48 /opt/devkitpro/libctru/lib/libctru.a(gspgpu.o)
                0x000000000010951c                GSPGPU_ReleaseRight
 .text.GSPGPU_ImportDisplayCaptureInfo
                0x0000000000109564       0x7c /opt/devkitpro/libctru/lib/libctru.a(gspgpu.o)
                0x0000000000109564                GSPGPU_ImportDisplayCaptureInfo
 .text.GSPGPU_SaveVramSysArea
                0x00000000001095e0       0x2c /opt/devkitpro/libctru/lib/libctru.a(gspgpu.o)
                0x00000000001095e0                GSPGPU_SaveVramSysArea
 .text.GSPGPU_RestoreVramSysArea
                0x000000000010960c       0x2c /opt/devkitpro/libctru/lib/libctru.a(gspgpu.o)
                0x000000000010960c                GSPGPU_RestoreVramSysArea
 .text.aptConvertScreenForCapture
                0x0000000000109638      0x1a4 /opt/devkitpro/libctru/lib/libctru.a(apt.o)
 .text.aptDspSleep
                0x00000000001097dc        0x8 /opt/devkitpro/libctru/lib/libctru.a(apt.o)
                0x00000000001097dc                aptDspSleep
 .text.aptDspWakeup
                0x00000000001097e4        0x4 /opt/devkitpro/libctru/lib/libctru.a(apt.o)
                0x00000000001097e4                aptDspWakeup
 .text.aptDspCancel
                0x00000000001097e8        0x4 /opt/devkitpro/libctru/lib/libctru.a(apt.o)
                0x00000000001097e8                aptDspCancel
 .text.aptSendCommand
                0x00000000001097ec      0x158 /opt/devkitpro/libctru/lib/libctru.a(apt.o)
                0x00000000001097ec                aptSendCommand
 *fill*         0x0000000000109944        0x4 
 .text.aptExitProcess
                0x0000000000109948       0x44 /opt/devkitpro/libctru/lib/libctru.a(apt.o)
 .text.aptExit  0x000000000010998c      0x3b0 /opt/devkitpro/libctru/lib/libctru.a(apt.o)
                0x000000000010998c                aptExit
 .text.aptHandleSleep
                0x0000000000109d3c       0xe0 /opt/devkitpro/libctru/lib/libctru.a(apt.o)
                0x0000000000109d3c                aptHandleSleep
 .text.aptHook  0x0000000000109e1c       0x30 /opt/devkitpro/libctru/lib/libctru.a(apt.o)
                0x0000000000109e1c                aptHook
 .text.aptUnhook
                0x0000000000109e4c       0x30 /opt/devkitpro/libctru/lib/libctru.a(apt.o)
                0x0000000000109e4c                aptUnhook
 .text.APT_SleepIfShellClosed
                0x0000000000109e7c       0x84 /opt/devkitpro/libctru/lib/libctru.a(apt.o)
                0x0000000000109e7c                APT_SleepIfShellClosed
 .text.aptSetSleepAllowed
                0x0000000000109f00       0x84 /opt/devkitpro/libctru/lib/libctru.a(apt.o)
                0x0000000000109f00                aptSetSleepAllowed
 .text.APT_UnlockTransition
                0x0000000000109f84       0x84 /opt/devkitpro/libctru/lib/libctru.a(apt.o)
                0x0000000000109f84                APT_UnlockTransition
 .text.aptEventHandler
                0x000000000010a008      0x4a4 /opt/devkitpro/libctru/lib/libctru.a(apt.o)
 .text.APT_ReceiveParameter
                0x000000000010a4ac       0xb0 /opt/devkitpro/libctru/lib/libctru.a(apt.o)
                0x000000000010a4ac                APT_ReceiveParameter
 .text.aptReceiveParameter.constprop.0
                0x000000000010a55c       0xb0 /opt/devkitpro/libctru/lib/libctru.a(apt.o)
 *fill*         0x000000000010a60c        0x4 
 .text.aptScreenTransfer
                0x000000000010a610      0x2ac /opt/devkitpro/libctru/lib/libctru.a(apt.o)
 .text.aptWaitForWakeUp.isra.0
                0x000000000010a8bc      0x344 /opt/devkitpro/libctru/lib/libctru.a(apt.o)
 .text.aptJumpToHomeMenu
                0x000000000010ac00      0x100 /opt/devkitpro/libctru/lib/libctru.a(apt.o)
                0x000000000010ac00                aptJumpToHomeMenu
 .text.aptMainLoop
                0x000000000010ad00       0x48 /opt/devkitpro/libctru/lib/libctru.a(apt.o)
                0x000000000010ad00                aptMainLoop
 .text.aptInit  0x000000000010ad48      0x22c /opt/devkitpro/libctru/lib/libctru.a(apt.o)
                0x000000000010ad48                aptInit
 .text.APT_CheckNew3DS
                0x000000000010af74       0x7c /opt/devkitpro/libctru/lib/libctru.a(apt.o)
                0x000000000010af74                APT_CheckNew3DS
 .text.APT_GetSharedFont
                0x000000000010aff0       0x48 /opt/devkitpro/libctru/lib/libctru.a(apt.o)
                0x000000000010aff0                APT_GetSharedFont
 .text.hidShouldUseIrrst
                0x000000000010b038       0x24 /opt/devkitpro/libctru/lib/libctru.a(hid.o)
                0x000000000010b038                hidShouldUseIrrst
 .text.hidInit  0x000000000010b05c      0x18c /opt/devkitpro/libctru/lib/libctru.a(hid.o)
                0x000000000010b05c                hidInit
 .text.hidExit  0x000000000010b1e8       0xe8 /opt/devkitpro/libctru/lib/libctru.a(hid.o)
                0x000000000010b1e8                hidExit
 .text.hidScanInput
                0x000000000010b2d0      0x2a4 /opt/devkitpro/libctru/lib/libctru.a(hid.o)
                0x000000000010b2d0                hidScanInput
 .text.hidKeysDown
                0x000000000010b574       0x10 /opt/devkitpro/libctru/lib/libctru.a(hid.o)
                0x000000000010b574                hidKeysDown
 .text.ptmSysmInit
                0x000000000010b584       0x74 /opt/devkitpro/libctru/lib/libctru.a(ptmsysm.o)
                0x000000000010b584                ptmSysmInit
 .text.ptmSysmExit
                0x000000000010b5f8       0x3c /opt/devkitpro/libctru/lib/libctru.a(ptmsysm.o)
                0x000000000010b5f8                ptmSysmExit
 .text.PTMSYSM_ConfigureNew3DSCPU
                0x000000000010b634       0x34 /opt/devkitpro/libctru/lib/libctru.a(ptmsysm.o)
                0x000000000010b634                PTMSYSM_ConfigureNew3DSCPU
 .text.fsInit   0x000000000010b668       0xcc /opt/devkitpro/libctru/lib/libctru.a(fs.o)
                0x000000000010b668                fsInit
 .text.fsExit   0x000000000010b734       0x3c /opt/devkitpro/libctru/lib/libctru.a(fs.o)
                0x000000000010b734                fsExit
 .text.fsExemptFromSession
                0x000000000010b770       0x60 /opt/devkitpro/libctru/lib/libctru.a(fs.o)
                0x000000000010b770                fsExemptFromSession
 .text.fsUnexemptFromSession
                0x000000000010b7d0       0x50 /opt/devkitpro/libctru/lib/libctru.a(fs.o)
                0x000000000010b7d0                fsUnexemptFromSession
 .text.FSUSER_OpenFile
                0x000000000010b820       0xcc /opt/devkitpro/libctru/lib/libctru.a(fs.o)
                0x000000000010b820                FSUSER_OpenFile
 .text.FSUSER_DeleteFile
                0x000000000010b8ec       0xbc /opt/devkitpro/libctru/lib/libctru.a(fs.o)
                0x000000000010b8ec                FSUSER_DeleteFile
 .text.FSUSER_RenameFile
                0x000000000010b9a8       0xf8 /opt/devkitpro/libctru/lib/libctru.a(fs.o)
                0x000000000010b9a8                FSUSER_RenameFile
 .text.FSUSER_DeleteDirectory
                0x000000000010baa0       0xbc /opt/devkitpro/libctru/lib/libctru.a(fs.o)
                0x000000000010baa0                FSUSER_DeleteDirectory
 .text.FSUSER_CreateFile
                0x000000000010bb5c       0xd4 /opt/devkitpro/libctru/lib/libctru.a(fs.o)
                0x000000000010bb5c                FSUSER_CreateFile
 .text.FSUSER_CreateDirectory
                0x000000000010bc30       0xc4 /opt/devkitpro/libctru/lib/libctru.a(fs.o)
                0x000000000010bc30                FSUSER_CreateDirectory
 .text.FSUSER_RenameDirectory
                0x000000000010bcf4       0xf8 /opt/devkitpro/libctru/lib/libctru.a(fs.o)
                0x000000000010bcf4                FSUSER_RenameDirectory
 .text.FSUSER_OpenDirectory
                0x000000000010bdec       0xb4 /opt/devkitpro/libctru/lib/libctru.a(fs.o)
                0x000000000010bdec                FSUSER_OpenDirectory
 .text.FSUSER_OpenArchive
                0x000000000010bea0       0x98 /opt/devkitpro/libctru/lib/libctru.a(fs.o)
                0x000000000010bea0                FSUSER_OpenArchive
 .text.FSUSER_CloseArchive
                0x000000000010bf38       0x8c /opt/devkitpro/libctru/lib/libctru.a(fs.o)
                0x000000000010bf38                FSUSER_CloseArchive
 .text.FSUSER_GetSdmcArchiveResource
                0x000000000010bfc4       0x74 /opt/devkitpro/libctru/lib/libctru.a(fs.o)
                0x000000000010bfc4                FSUSER_GetSdmcArchiveResource
 .text.FSUSER_IsSdmcWritable
                0x000000000010c038       0x64 /opt/devkitpro/libctru/lib/libctru.a(fs.o)
                0x000000000010c038                FSUSER_IsSdmcWritable
 .text.FSFILE_Read
                0x000000000010c09c       0x58 /opt/devkitpro/libctru/lib/libctru.a(fs.o)
                0x000000000010c09c                FSFILE_Read
 .text.FSFILE_Write
                0x000000000010c0f4       0x60 /opt/devkitpro/libctru/lib/libctru.a(fs.o)
                0x000000000010c0f4                FSFILE_Write
 .text.FSFILE_GetSize
                0x000000000010c154       0x3c /opt/devkitpro/libctru/lib/libctru.a(fs.o)
                0x000000000010c154                FSFILE_GetSize
 .text.FSFILE_SetSize
                0x000000000010c190       0x28 /opt/devkitpro/libctru/lib/libctru.a(fs.o)
                0x000000000010c190                FSFILE_SetSize
 .text.FSFILE_Close
                0x000000000010c1b8       0x3c /opt/devkitpro/libctru/lib/libctru.a(fs.o)
                0x000000000010c1b8                FSFILE_Close
 .text.FSFILE_Flush
                0x000000000010c1f4       0x24 /opt/devkitpro/libctru/lib/libctru.a(fs.o)
                0x000000000010c1f4                FSFILE_Flush
 .text.FSDIR_Read
                0x000000000010c218       0x50 /opt/devkitpro/libctru/lib/libctru.a(fs.o)
                0x000000000010c218                FSDIR_Read
 .text.FSDIR_Close
                0x000000000010c268       0x3c /opt/devkitpro/libctru/lib/libctru.a(fs.o)
                0x000000000010c268                FSDIR_Close
 .text.rbtree_init
                0x000000000010c2a4       0x10 /opt/devkitpro/libctru/lib/libctru.a(rbtree_init.o)
                0x000000000010c2a4                rbtree_init
 .text.do_insert
                0x000000000010c2b4      0x1b4 /opt/devkitpro/libctru/lib/libctru.a(rbtree_insert.o)
 .text.rbtree_insert
                0x000000000010c468        0x8 /opt/devkitpro/libctru/lib/libctru.a(rbtree_insert.o)
                0x000000000010c468                rbtree_insert
 .text.rbtree_rotate
                0x000000000010c470       0x90 /opt/devkitpro/libctru/lib/libctru.a(rbtree_rotate.o)
                0x000000000010c470                rbtree_rotate
 .text.rbtree_remove
                0x000000000010c500      0x318 /opt/devkitpro/libctru/lib/libctru.a(rbtree_remove.o)
                0x000000000010c500                rbtree_remove
 .text.rbtree_find
                0x000000000010c818       0x74 /opt/devkitpro/libctru/lib/libctru.a(rbtree_find.o)
                0x000000000010c818                rbtree_find
 .text.utf16_to_utf8
                0x000000000010c88c       0xe8 /opt/devkitpro/libctru/lib/libctru.a(utf16_to_utf8.o)
                0x000000000010c88c                utf16_to_utf8
 .text.decode_utf16
                0x000000000010c974       0x64 /opt/devkitpro/libctru/lib/libctru.a(decode_utf16.o)
                0x000000000010c974                decode_utf16
 .text.decode_utf8
                0x000000000010c9d8      0x13c /opt/devkitpro/libctru/lib/libctru.a(decode_utf8.o)
                0x000000000010c9d8                decode_utf8
 .text.utf8_to_utf16
                0x000000000010cb14       0xc0 /opt/devkitpro/libctru/lib/libctru.a(utf8_to_utf16.o)
                0x000000000010cb14                utf8_to_utf16
 *fill*         0x000000000010cbd4        0x4 
 .text.__system_allocateHeaps
                0x000000000010cbd8      0x1e0 /opt/devkitpro/libctru/lib/libctru.a(allocateHeaps.o)
                0x000000000010cbd8                __system_allocateHeaps
 .text.__libctru_init
                0x000000000010cdb8       0x38 /opt/devkitpro/libctru/lib/libctru.a(ctru_init.o)
                0x000000000010cdb8                __libctru_init
 .text.__system_initArgv
                0x000000000010cdf0      0x170 /opt/devkitpro/libctru/lib/libctru.a(initArgv.o)
                0x000000000010cdf0                __system_initArgv
 .text.svcControlMemory
                0x000000000010cf60       0x20 /opt/devkitpro/libctru/lib/libctru.a(svc.o)
                0x000000000010cf60                svcControlMemory
 .text.svcQueryMemory
                0x000000000010cf80       0x30 /opt/devkitpro/libctru/lib/libctru.a(svc.o)
                0x000000000010cf80                svcQueryMemory
 .text.svcExitProcess
                0x000000000010cfb0        0x8 /opt/devkitpro/libctru/lib/libctru.a(svc.o)
                0x000000000010cfb0                svcExitProcess
 .text.svcCreateThread
                0x000000000010cfb8       0x20 /opt/devkitpro/libctru/lib/libctru.a(svc.o)
                0x000000000010cfb8                svcCreateThread
 .text.svcExitThread
                0x000000000010cfd8        0x8 /opt/devkitpro/libctru/lib/libctru.a(svc.o)
                0x000000000010cfd8                svcExitThread
 .text.svcSleepThread
                0x000000000010cfe0        0x8 /opt/devkitpro/libctru/lib/libctru.a(svc.o)
                0x000000000010cfe0                svcSleepThread
 .text.svcReleaseMutex
                0x000000000010cfe8        0x8 /opt/devkitpro/libctru/lib/libctru.a(svc.o)
                0x000000000010cfe8                svcReleaseMutex
 .text.svcCreateEvent
                0x000000000010cff0       0x14 /opt/devkitpro/libctru/lib/libctru.a(svc.o)
                0x000000000010cff0                svcCreateEvent
 .text.svcSignalEvent
                0x000000000010d004        0x8 /opt/devkitpro/libctru/lib/libctru.a(svc.o)
                0x000000000010d004                svcSignalEvent
 .text.svcClearEvent
                0x000000000010d00c        0x8 /opt/devkitpro/libctru/lib/libctru.a(svc.o)
                0x000000000010d00c                svcClearEvent
 .text.svcMapMemoryBlock
                0x000000000010d014        0x8 /opt/devkitpro/libctru/lib/libctru.a(svc.o)
                0x000000000010d014                svcMapMemoryBlock
 .text.svcUnmapMemoryBlock
                0x000000000010d01c        0x8 /opt/devkitpro/libctru/lib/libctru.a(svc.o)
                0x000000000010d01c                svcUnmapMemoryBlock
 .text.svcCreateAddressArbiter
                0x000000000010d024       0x14 /opt/devkitpro/libctru/lib/libctru.a(svc.o)
                0x000000000010d024                svcCreateAddressArbiter
 .text.svcArbitrateAddressNoTimeout
                0x000000000010d038        0x8 /opt/devkitpro/libctru/lib/libctru.a(svc.o)
                0x000000000010d038                svcArbitrateAddressNoTimeout
 .text.svcCloseHandle
                0x000000000010d040        0x8 /opt/devkitpro/libctru/lib/libctru.a(svc.o)
                0x000000000010d040                svcCloseHandle
 .text.svcWaitSynchronization
                0x000000000010d048        0x8 /opt/devkitpro/libctru/lib/libctru.a(svc.o)
                0x000000000010d048                svcWaitSynchronization
 .text.svcWaitSynchronizationN
                0x000000000010d050       0x28 /opt/devkitpro/libctru/lib/libctru.a(svc.o)
                0x000000000010d050                svcWaitSynchronizationN
 .text.svcDuplicateHandle
                0x000000000010d078       0x14 /opt/devkitpro/libctru/lib/libctru.a(svc.o)
                0x000000000010d078                svcDuplicateHandle
 .text.svcGetSystemTick
                0x000000000010d08c        0x8 /opt/devkitpro/libctru/lib/libctru.a(svc.o)
                0x000000000010d08c                svcGetSystemTick
 .text.svcConnectToPort
                0x000000000010d094       0x14 /opt/devkitpro/libctru/lib/libctru.a(svc.o)
                0x000000000010d094                svcConnectToPort
 .text.svcSendSyncRequest
                0x000000000010d0a8        0x8 /opt/devkitpro/libctru/lib/libctru.a(svc.o)
                0x000000000010d0a8                svcSendSyncRequest
 .text.svcGetResourceLimit
                0x000000000010d0b0       0x14 /opt/devkitpro/libctru/lib/libctru.a(svc.o)
                0x000000000010d0b0                svcGetResourceLimit
 .text.svcGetResourceLimitLimitValues
                0x000000000010d0c4        0x8 /opt/devkitpro/libctru/lib/libctru.a(svc.o)
                0x000000000010d0c4                svcGetResourceLimitLimitValues
 .text.svcGetResourceLimitCurrentValues
                0x000000000010d0cc        0x8 /opt/devkitpro/libctru/lib/libctru.a(svc.o)
                0x000000000010d0cc                svcGetResourceLimitCurrentValues
 .text.svcBreak
                0x000000000010d0d4        0x8 /opt/devkitpro/libctru/lib/libctru.a(svc.o)
                0x000000000010d0d4                svcBreak
 .text.initSystem
                0x000000000010d0dc       0x50 /opt/devkitpro/libctru/lib/libctru.a(stack_adjust.o)
                0x000000000010d0dc                initSystem
 .text.__ctru_exit
                0x000000000010d12c       0x18 /opt/devkitpro/libctru/lib/libctru.a(stack_adjust.o)
                0x000000000010d12c                __ctru_exit
 .text.__aeabi_read_tp
                0x000000000010d144        0xc /opt/devkitpro/libctru/lib/libctru.a(readtp.o)
                0x000000000010d144                __aeabi_read_tp
 .text.__sync_init
                0x000000000010d150        0xc /opt/devkitpro/libctru/lib/libctru.a(synchronization.o)
                0x000000000010d150                __sync_init
 .text.__sync_fini
                0x000000000010d15c       0x18 /opt/devkitpro/libctru/lib/libctru.a(synchronization.o)
                0x000000000010d15c                __sync_fini
 .text.syncArbitrateAddress
                0x000000000010d174       0x2c /opt/devkitpro/libctru/lib/libctru.a(synchronization.o)
                0x000000000010d174                syncArbitrateAddress
 .text.LightLock_Lock
                0x000000000010d1a0       0xb0 /opt/devkitpro/libctru/lib/libctru.a(synchronization.o)
                0x000000000010d1a0                LightLock_Lock
 .text.LightLock_Unlock
                0x000000000010d250       0x40 /opt/devkitpro/libctru/lib/libctru.a(synchronization.o)
                0x000000000010d250                LightLock_Unlock
 .text.RecursiveLock_Lock
                0x000000000010d290       0x30 /opt/devkitpro/libctru/lib/libctru.a(synchronization.o)
                0x000000000010d290                RecursiveLock_Lock
 .text.RecursiveLock_Unlock
                0x000000000010d2c0       0x54 /opt/devkitpro/libctru/lib/libctru.a(synchronization.o)
                0x000000000010d2c0                RecursiveLock_Unlock
 .text.LightEvent_Init
                0x000000000010d314       0x40 /opt/devkitpro/libctru/lib/libctru.a(synchronization.o)
                0x000000000010d314                LightEvent_Init
 .text.LightEvent_Clear
                0x000000000010d354       0xa4 /opt/devkitpro/libctru/lib/libctru.a(synchronization.o)
                0x000000000010d354                LightEvent_Clear
 .text.LightEvent_Signal
                0x000000000010d3f8       0xc8 /opt/devkitpro/libctru/lib/libctru.a(synchronization.o)
                0x000000000010d3f8                LightEvent_Signal
 .text.LightEvent_TryWait
                0x000000000010d4c0       0x50 /opt/devkitpro/libctru/lib/libctru.a(synchronization.o)
                0x000000000010d4c0                LightEvent_TryWait
 .text.LightEvent_Wait
                0x000000000010d510       0xb0 /opt/devkitpro/libctru/lib/libctru.a(synchronization.o)
                0x000000000010d510                LightEvent_Wait
 .text.envGetHandle
                0x000000000010d5c0       0x84 /opt/devkitpro/libctru/lib/libctru.a(env.o)
                0x000000000010d5c0                envGetHandle
 .text.envDestroyHandles
                0x000000000010d644       0x50 /opt/devkitpro/libctru/lib/libctru.a(env.o)
                0x000000000010d644                envDestroyHandles
 .text.srvInit  0x000000000010d694      0x130 /opt/devkitpro/libctru/lib/libctru.a(srv.o)
                0x000000000010d694                srvInit
 .text.srvExit  0x000000000010d7c4       0x58 /opt/devkitpro/libctru/lib/libctru.a(srv.o)
                0x000000000010d7c4                srvExit
 .text.srvEnableNotification
                0x000000000010d81c       0x60 /opt/devkitpro/libctru/lib/libctru.a(srv.o)
                0x000000000010d81c                srvEnableNotification
 .text.srvGetServiceHandleDirect
                0x000000000010d87c       0xa0 /opt/devkitpro/libctru/lib/libctru.a(srv.o)
                0x000000000010d87c                srvGetServiceHandleDirect
 .text.srvGetServiceHandle
                0x000000000010d91c       0x38 /opt/devkitpro/libctru/lib/libctru.a(srv.o)
                0x000000000010d91c                srvGetServiceHandle
 .text.srvSubscribe
                0x000000000010d954       0x34 /opt/devkitpro/libctru/lib/libctru.a(srv.o)
                0x000000000010d954                srvSubscribe
 .text.srvReceiveNotification
                0x000000000010d988       0x60 /opt/devkitpro/libctru/lib/libctru.a(srv.o)
                0x000000000010d988                srvReceiveNotification
 .text.srvPublishToSubscriber
                0x000000000010d9e8       0x38 /opt/devkitpro/libctru/lib/libctru.a(srv.o)
                0x000000000010d9e8                srvPublishToSubscriber
 .text.threadCreate
                0x000000000010da20      0x1d0 /opt/devkitpro/libctru/lib/libctru.a(thread.o)
                0x000000000010da20                threadCreate
 .text.threadFree
                0x000000000010dbf0       0x2c /opt/devkitpro/libctru/lib/libctru.a(thread.o)
                0x000000000010dbf0                threadFree
 .text.threadJoin
                0x000000000010dc1c       0x24 /opt/devkitpro/libctru/lib/libctru.a(thread.o)
                0x000000000010dc1c                threadJoin
 .text.threadGetCurrent
                0x000000000010dc40       0x30 /opt/devkitpro/libctru/lib/libctru.a(thread.o)
                0x000000000010dc40                threadGetCurrent
 .text.threadExit
                0x000000000010dc70       0x40 /opt/devkitpro/libctru/lib/libctru.a(thread.o)
                0x000000000010dc70                threadExit
 .text._thread_begin
                0x000000000010dcb0       0x20 /opt/devkitpro/libctru/lib/libctru.a(thread.o)
 .text.mappableFindAddressWithin
                0x000000000010dcd0       0xb4 /opt/devkitpro/libctru/lib/libctru.a(mappable.o)
 .text.mappableInit
                0x000000000010dd84       0x28 /opt/devkitpro/libctru/lib/libctru.a(mappable.o)
                0x000000000010dd84                mappableInit
 .text.mappableAlloc
                0x000000000010ddac       0x80 /opt/devkitpro/libctru/lib/libctru.a(mappable.o)
                0x000000000010ddac                mappableAlloc
 .text.mappableFree
                0x000000000010de2c        0x4 /opt/devkitpro/libctru/lib/libctru.a(mappable.o)
                0x000000000010de2c                mappableFree
 .text.irrstInit
                0x000000000010de30      0x164 /opt/devkitpro/libctru/lib/libctru.a(irrst.o)
                0x000000000010de30                irrstInit
 .text.irrstExit
                0x000000000010df94       0xcc /opt/devkitpro/libctru/lib/libctru.a(irrst.o)
                0x000000000010df94                irrstExit
 .text.irrstScanInput
                0x000000000010e060       0xb4 /opt/devkitpro/libctru/lib/libctru.a(irrst.o)
                0x000000000010e060                irrstScanInput
 .text.irrstKeysHeld
                0x000000000010e114       0x24 /opt/devkitpro/libctru/lib/libctru.a(irrst.o)
                0x000000000010e114                irrstKeysHeld
 .text.srvPmGetSessionHandle
                0x000000000010e138        0xc /opt/devkitpro/libctru/lib/libctru.a(srvpm.o)
                0x000000000010e138                srvPmGetSessionHandle
 .text.rbtree_node_next
                0x000000000010e144       0x5c /opt/devkitpro/libctru/lib/libctru.a(rbtree_iterator.o)
                0x000000000010e144                rbtree_node_next
 .text.encode_utf16
                0x000000000010e1a0       0x54 /opt/devkitpro/libctru/lib/libctru.a(encode_utf16.o)
                0x000000000010e1a0                encode_utf16
 .text.encode_utf8
                0x000000000010e1f4       0xe0 /opt/devkitpro/libctru/lib/libctru.a(encode_utf8.o)
                0x000000000010e1f4                encode_utf8
 .text.__appInit
                0x000000000010e2d4       0x30 /opt/devkitpro/libctru/lib/libctru.a(appInit.o)
                0x000000000010e2d4                __appInit
 .text.__syscall_getreent
                0x000000000010e304       0x30 /opt/devkitpro/libctru/lib/libctru.a(syscalls.o)
                0x000000000010e304                __syscall_getreent
 .text.__syscall_lock_acquire_recursive
                0x000000000010e334        0x4 /opt/devkitpro/libctru/lib/libctru.a(syscalls.o)
                0x000000000010e334                __syscall_lock_acquire_recursive
 .text.__syscall_lock_release_recursive
                0x000000000010e338        0x4 /opt/devkitpro/libctru/lib/libctru.a(syscalls.o)
                0x000000000010e338                __syscall_lock_release_recursive
 .text.__syscall_exit
                0x000000000010e33c        0x4 /opt/devkitpro/libctru/lib/libctru.a(syscalls.o)
                0x000000000010e33c                __syscall_exit
 .text.initThreadVars
                0x000000000010e340       0x50 /opt/devkitpro/libctru/lib/libctru.a(syscalls.o)
                0x000000000010e340                initThreadVars
 .text.__system_initSyscalls
                0x000000000010e390       0x80 /opt/devkitpro/libctru/lib/libctru.a(syscalls.o)
                0x000000000010e390                __system_initSyscalls
 .text.__appExit
                0x000000000010e410       0x30 /opt/devkitpro/libctru/lib/libctru.a(appExit.o)
                0x000000000010e410                __appExit
 .text.__libctru_exit
                0x000000000010e440       0x90 /opt/devkitpro/libctru/lib/libctru.a(ctru_exit.o)
                0x000000000010e440                __libctru_exit
 .text.archive_link
                0x000000000010e4d0       0x14 /opt/devkitpro/libctru/lib/libctru.a(archive_dev.o)
 .text.archive_dirreset
                0x000000000010e4e4       0x14 /opt/devkitpro/libctru/lib/libctru.a(archive_dev.o)
 .text.archive_chmod
                0x000000000010e4f8       0x14 /opt/devkitpro/libctru/lib/libctru.a(archive_dev.o)
 .text.error_cmp
                0x000000000010e50c       0x24 /opt/devkitpro/libctru/lib/libctru.a(archive_dev.o)
 .text.archive_translate_error
                0x000000000010e530       0x50 /opt/devkitpro/libctru/lib/libctru.a(archive_dev.o)
 .text.archive_seek
                0x000000000010e580       0xc8 /opt/devkitpro/libctru/lib/libctru.a(archive_dev.o)
 .text._archiveInit.part.0
                0x000000000010e648       0x7c /opt/devkitpro/libctru/lib/libctru.a(archive_dev.o)
 .text.archiveFindDevice.part.0
                0x000000000010e6c4       0xc4 /opt/devkitpro/libctru/lib/libctru.a(archive_dev.o)
 .text.archive_utf16path
                0x000000000010e788      0x25c /opt/devkitpro/libctru/lib/libctru.a(archive_dev.o)
 .text._archiveUnmountDeviceStruct.part.0
                0x000000000010e9e4       0xa0 /opt/devkitpro/libctru/lib/libctru.a(archive_dev.o)
 .text.archive_fchmod
                0x000000000010ea84       0x14 /opt/devkitpro/libctru/lib/libctru.a(archive_dev.o)
 .text.archive_statvfs
                0x000000000010ea98       0x14 /opt/devkitpro/libctru/lib/libctru.a(archive_dev.o)
 .text._archiveMountDevice
                0x000000000010eaac      0x164 /opt/devkitpro/libctru/lib/libctru.a(archive_dev.o)
 .text.archive_diropen
                0x000000000010ec10       0xe8 /opt/devkitpro/libctru/lib/libctru.a(archive_dev.o)
 .text.archive_fstat
                0x000000000010ecf8       0xa4 /opt/devkitpro/libctru/lib/libctru.a(archive_dev.o)
 .text.archive_close
                0x000000000010ed9c       0x6c /opt/devkitpro/libctru/lib/libctru.a(archive_dev.o)
 .text.archive_fsync
                0x000000000010ee08       0x6c /opt/devkitpro/libctru/lib/libctru.a(archive_dev.o)
 .text.archive_dirclose
                0x000000000010ee74       0x70 /opt/devkitpro/libctru/lib/libctru.a(archive_dev.o)
 .text.sdmc_statvfs
                0x000000000010eee4       0xe8 /opt/devkitpro/libctru/lib/libctru.a(archive_dev.o)
 .text.archive_chdir
                0x000000000010efcc       0xec /opt/devkitpro/libctru/lib/libctru.a(archive_dev.o)
 .text.archive_ftruncate
                0x000000000010f0b8       0x7c /opt/devkitpro/libctru/lib/libctru.a(archive_dev.o)
 .text.archive_read
                0x000000000010f134       0xac /opt/devkitpro/libctru/lib/libctru.a(archive_dev.o)
 .text.archive_unlink
                0x000000000010f1e0       0xa4 /opt/devkitpro/libctru/lib/libctru.a(archive_dev.o)
 .text.archive_rmdir
                0x000000000010f284       0xbc /opt/devkitpro/libctru/lib/libctru.a(archive_dev.o)
 .text.archive_mkdir
                0x000000000010f340       0xdc /opt/devkitpro/libctru/lib/libctru.a(archive_dev.o)
 .text.archive_stat
                0x000000000010f41c      0x19c /opt/devkitpro/libctru/lib/libctru.a(archive_dev.o)
 .text.archive_dirnext
                0x000000000010f5b8      0x15c /opt/devkitpro/libctru/lib/libctru.a(archive_dev.o)
 .text.archive_write
                0x000000000010f714       0xec /opt/devkitpro/libctru/lib/libctru.a(archive_dev.o)
 .text.archive_open
                0x000000000010f800      0x1d4 /opt/devkitpro/libctru/lib/libctru.a(archive_dev.o)
 .text.archive_rename
                0x000000000010f9d4      0x278 /opt/devkitpro/libctru/lib/libctru.a(archive_dev.o)
 .text.archiveMountSdmc
                0x000000000010fc4c      0x19c /opt/devkitpro/libctru/lib/libctru.a(archive_dev.o)
                0x000000000010fc4c                archiveMountSdmc
 .text.archiveUnmountAll
                0x000000000010fde8       0x54 /opt/devkitpro/libctru/lib/libctru.a(archive_dev.o)
                0x000000000010fde8                archiveUnmountAll
 .text.ceilf    0x000000000010fe3c       0xb8 /opt/devkitpro/devkitARM/bin/../lib/gcc/arm-none-eabi/12.2.0/../../../../arm-none-eabi/lib/armv6k/fpu/libm.a(lib_a-sf_ceil.o)
                0x000000000010fe3c                ceilf
 .text.bsearch  0x000000000010fef4       0x78 /opt/devkitpro/devkitARM/bin/../lib/gcc/arm-none-eabi/12.2.0/../../../../arm-none-eabi/lib/armv6k/fpu/libg.a(lib_a-bsearch.o)
                0x000000000010fef4                bsearch
 .text.calloc   0x000000000010ff6c       0x20 /opt/devkitpro/devkitARM/bin/../lib/gcc/arm-none-eabi/12.2.0/../../../../arm-none-eabi/lib/armv6k/fpu/libg.a(lib_a-calloc.o)
                0x000000000010ff6c                calloc
 .text._calloc_r
                0x000000000010ff8c       0xc0 /opt/devkitpro/devkitARM/bin/../lib/gcc/arm-none-eabi/12.2.0/../../../../arm-none-eabi/lib/armv6k/fpu/libg.a(lib_a-callocr.o)
                0x000000000010ff8c                _calloc_r
 .text.__errno  0x000000000011004c        0xc /opt/devkitpro/devkitARM/bin/../lib/gcc/arm-none-eabi/12.2.0/../../../../arm-none-eabi/lib/armv6k/fpu/libg.a(lib_a-errno.o)
                0x000000000011004c                __errno
 .text.exit     0x0000000000110058       0x34 /opt/devkitpro/devkitARM/bin/../lib/gcc/arm-none-eabi/12.2.0/../../../../arm-none-eabi/lib/armv6k/fpu/libg.a(lib_a-exit.o)
                0x0000000000110058                exit
 .text.__libc_fini_array
                0x000000000011008c       0x3c /opt/devkitpro/devkitARM/bin/../lib/gcc/arm-none-eabi/12.2.0/../../../../arm-none-eabi/lib/armv6k/fpu/libg.a(lib_a-fini.o)
                0x000000000011008c                __libc_fini_array
 .text._malloc_trim_r
                0x00000000001100c8       0xf8 /opt/devkitpro/devkitARM/bin/../lib/gcc/arm-none-eabi/12.2.0/../../../../arm-none-eabi/lib/armv6k/fpu/libg.a(lib_a-freer.o)
                0x00000000001100c8                _malloc_trim_r
 .text._free_r  0x00000000001101c0      0x2e8 /opt/devkitpro/devkitARM/bin/../lib/gcc/arm-none-eabi/12.2.0/../../../../arm-none-eabi/lib/armv6k/fpu/libg.a(lib_a-freer.o)
                0x00000000001101c0                _free_r
 .text.__libc_init_array
                0x00000000001104a8       0x84 /opt/devkitpro/devkitARM/bin/../lib/gcc/arm-none-eabi/12.2.0/../../../../arm-none-eabi/lib/armv6k/fpu/libg.a(lib_a-init.o)
                0x00000000001104a8                __libc_init_array
 .text.memalign
                0x000000000011052c       0x20 /opt/devkitpro/devkitARM/bin/../lib/gcc/arm-none-eabi/12.2.0/../../../../arm-none-eabi/lib/armv6k/fpu/libg.a(lib_a-malign.o)
                0x000000000011052c                memalign
 .text._memalign_r
                0x000000000011054c      0x14c /opt/devkitpro/devkitARM/bin/../lib/gcc/arm-none-eabi/12.2.0/../../../../arm-none-eabi/lib/armv6k/fpu/libg.a(lib_a-malignr.o)
                0x000000000011054c                _memalign_r
 .text.malloc   0x0000000000110698       0x18 /opt/devkitpro/devkitARM/bin/../lib/gcc/arm-none-eabi/12.2.0/../../../../arm-none-eabi/lib/armv6k/fpu/libg.a(lib_a-malloc.o)
                0x0000000000110698                malloc
 .text.free     0x00000000001106b0       0x18 /opt/devkitpro/devkitARM/bin/../lib/gcc/arm-none-eabi/12.2.0/../../../../arm-none-eabi/lib/armv6k/fpu/libg.a(lib_a-malloc.o)
                0x00000000001106b0                free
 .text._malloc_r
                0x00000000001106c8      0x7e4 /opt/devkitpro/devkitARM/bin/../lib/gcc/arm-none-eabi/12.2.0/../../../../arm-none-eabi/lib/armv6k/fpu/libg.a(lib_a-mallocr.o)
                0x00000000001106c8                _malloc_r
 .text.memcpy   0x0000000000110eac      0x118 /opt/devkitpro/devkitARM/bin/../lib/gcc/arm-none-eabi/12.2.0/../../../../arm-none-eabi/lib/armv6k/fpu/libg.a(lib_a-memcpy-stub.o)
                0x0000000000110eac                memcpy
 .text.memset   0x0000000000110fc4       0xf4 /opt/devkitpro/devkitARM/bin/../lib/gcc/arm-none-eabi/12.2.0/../../../../arm-none-eabi/lib/armv6k/fpu/libg.a(lib_a-memset.o)
                0x0000000000110fc4                memset
 .text.__malloc_lock
                0x00000000001110b8        0xc /opt/devkitpro/devkitARM/bin/../lib/gcc/arm-none-eabi/12.2.0/../../../../arm-none-eabi/lib/armv6k/fpu/libg.a(lib_a-mlock.o)
                0x00000000001110b8                __malloc_lock
 .text.__malloc_unlock
                0x00000000001110c4        0xc /opt/devkitpro/devkitARM/bin/../lib/gcc/arm-none-eabi/12.2.0/../../../../arm-none-eabi/lib/armv6k/fpu/libg.a(lib_a-mlock.o)
                0x00000000001110c4                __malloc_unlock
 .text.qsort    0x00000000001110d0      0xa04 /opt/devkitpro/devkitARM/bin/../lib/gcc/arm-none-eabi/12.2.0/../../../../arm-none-eabi/lib/armv6k/fpu/libg.a(lib_a-qsort.o)
                0x00000000001110d0                qsort
 .text.strchr   0x0000000000111ad4      0x130 /opt/devkitpro/devkitARM/bin/../lib/gcc/arm-none-eabi/12.2.0/../../../../arm-none-eabi/lib/armv6k/fpu/libg.a(lib_a-strchr.o)
                0x0000000000111ad4                strchr
 .text.strlen   0x0000000000111c04       0x5c /opt/devkitpro/devkitARM/bin/../lib/gcc/arm-none-eabi/12.2.0/../../../../arm-none-eabi/lib/armv6k/fpu/libg.a(lib_a-strlen-stub.o)
                0x0000000000111c04                strlen
 .text.strncat  0x0000000000111c60       0xe4 /opt/devkitpro/devkitARM/bin/../lib/gcc/arm-none-eabi/12.2.0/../../../../arm-none-eabi/lib/armv6k/fpu/libg.a(lib_a-strncat.o)
                0x0000000000111c60                strncat
 .text.strncmp  0x0000000000111d44       0xe4 /opt/devkitpro/devkitARM/bin/../lib/gcc/arm-none-eabi/12.2.0/../../../../arm-none-eabi/lib/armv6k/fpu/libg.a(lib_a-strncmp.o)
                0x0000000000111d44                strncmp
 .text.strncpy  0x0000000000111e28       0xc4 /opt/devkitpro/devkitARM/bin/../lib/gcc/arm-none-eabi/12.2.0/../../../../arm-none-eabi/lib/armv6k/fpu/libg.a(lib_a-strncpy.o)
                0x0000000000111e28                strncpy
 .text.strnlen  0x0000000000111eec       0x48 /opt/devkitpro/devkitARM/bin/../lib/gcc/arm-none-eabi/12.2.0/../../../../arm-none-eabi/lib/armv6k/fpu/libg.a(lib_a-strnlen.o)
                0x0000000000111eec                strnlen
 .text._strtoul_l.constprop.0
                0x0000000000111f34      0x1c4 /opt/devkitpro/devkitARM/bin/../lib/gcc/arm-none-eabi/12.2.0/../../../../arm-none-eabi/lib/armv6k/fpu/libg.a(lib_a-strtoul.o)
 .text.strtoul  0x00000000001120f8       0x28 /opt/devkitpro/devkitARM/bin/../lib/gcc/arm-none-eabi/12.2.0/../../../../arm-none-eabi/lib/armv6k/fpu/libg.a(lib_a-strtoul.o)
                0x00000000001120f8                strtoul
 .text.__call_exitprocs
                0x0000000000112120      0x114 /opt/devkitpro/devkitARM/bin/../lib/gcc/arm-none-eabi/12.2.0/../../../../arm-none-eabi/lib/armv6k/fpu/libg.a(lib_a-__call_atexit.o)
                0x0000000000112120                __call_exitprocs
 .text.null_write
                0x0000000000112234        0x8 /opt/devkitpro/devkitARM/bin/../lib/gcc/arm-none-eabi/12.2.0/../../../../arm-none-eabi/lib/armv6k/fpu/libsysbase.a(iosupport.o)
 .text.setDefaultDevice
                0x000000000011223c       0x18 /opt/devkitpro/devkitARM/bin/../lib/gcc/arm-none-eabi/12.2.0/../../../../arm-none-eabi/lib/armv6k/fpu/libsysbase.a(iosupport.o)
                0x000000000011223c                setDefaultDevice
 .text.FindDevice
                0x0000000000112254       0xc8 /opt/devkitpro/devkitARM/bin/../lib/gcc/arm-none-eabi/12.2.0/../../../../arm-none-eabi/lib/armv6k/fpu/libsysbase.a(iosupport.o)
                0x0000000000112254                FindDevice
 .text.RemoveDevice
                0x000000000011231c       0x28 /opt/devkitpro/devkitARM/bin/../lib/gcc/arm-none-eabi/12.2.0/../../../../arm-none-eabi/lib/armv6k/fpu/libsysbase.a(iosupport.o)
                0x000000000011231c                RemoveDevice
 .text.AddDevice
                0x0000000000112344       0x9c /opt/devkitpro/devkitARM/bin/../lib/gcc/arm-none-eabi/12.2.0/../../../../arm-none-eabi/lib/armv6k/fpu/libsysbase.a(iosupport.o)
                0x0000000000112344                AddDevice
 .text.GetDeviceOpTab
                0x00000000001123e0       0x20 /opt/devkitpro/devkitARM/bin/../lib/gcc/arm-none-eabi/12.2.0/../../../../arm-none-eabi/lib/armv6k/fpu/libsysbase.a(iosupport.o)
                0x00000000001123e0                GetDeviceOpTab
 .text._sbrk_r  0x0000000000112400       0x78 /opt/devkitpro/devkitARM/bin/../lib/gcc/arm-none-eabi/12.2.0/../../../../arm-none-eabi/lib/armv6k/fpu/libsysbase.a(sbrk.o)
                0x0000000000112400                _sbrk_r
 .text._exit    0x0000000000112478       0x20 /opt/devkitpro/devkitARM/bin/../lib/gcc/arm-none-eabi/12.2.0/../../../../arm-none-eabi/lib/armv6k/fpu/libsysbase.a(_exit.o)
                0x0000000000112478                _exit
 .text._concatenate_path
                0x0000000000112498      0x1a4 /opt/devkitpro/devkitARM/bin/../lib/gcc/arm-none-eabi/12.2.0/../../../../arm-none-eabi/lib/armv6k/fpu/libsysbase.a(chdir.o)
                0x0000000000112498                _concatenate_path
 .text.chdir    0x000000000011263c      0x140 /opt/devkitpro/devkitARM/bin/../lib/gcc/arm-none-eabi/12.2.0/../../../../arm-none-eabi/lib/armv6k/fpu/libsysbase.a(chdir.o)
                0x000000000011263c                chdir
 .text.__getreent
                0x000000000011277c       0x2c /opt/devkitpro/devkitARM/bin/../lib/gcc/arm-none-eabi/12.2.0/../../../../arm-none-eabi/lib/armv6k/fpu/libsysbase.a(getreent.o)
                0x000000000011277c                __getreent
 .text.__libc_lock_acquire_recursive
                0x00000000001127a8       0x1c /opt/devkitpro/devkitARM/bin/../lib/gcc/arm-none-eabi/12.2.0/../../../../arm-none-eabi/lib/armv6k/fpu/libsysbase.a(syscall_support.o)
                0x00000000001127a8                __libc_lock_acquire_recursive
 .text.__libc_lock_release_recursive
                0x00000000001127c4       0x1c /opt/devkitpro/devkitARM/bin/../lib/gcc/arm-none-eabi/12.2.0/../../../../arm-none-eabi/lib/armv6k/fpu/libsysbase.a(syscall_support.o)
                0x00000000001127c4                __libc_lock_release_recursive
 .text.strrchr  0x00000000001127e0       0x48 /opt/devkitpro/devkitARM/bin/../lib/gcc/arm-none-eabi/12.2.0/../../../../arm-none-eabi/lib/armv6k/fpu/libg.a(lib_a-strrchr.o)
                0x00000000001127e0                strrchr
 *(.glue_7)
 .glue_7        0x0000000000112828        0x0 linker stubs
 *(.glue_7t)
 .glue_7t       0x0000000000112828        0x0 linker stubs
 *(.stub)
 *(.gnu.warning)
 *(.gnu.linkonce.t*)
                0x0000000000112828                . = ALIGN (0x4)
 *(.fini)
 .fini          0x0000000000112828        0xc /opt/devkitpro/devkitARM/bin/../lib/gcc/arm-none-eabi/12.2.0/armv6k/fpu/crti.o
                0x0000000000112828                _fini
 .fini          0x0000000000112834        0xc /opt/devkitpro/devkitARM/bin/../lib/gcc/arm-none-eabi/12.2.0/armv6k/fpu/crtn.o
                0x0000000000112840                . = ALIGN (0x4)

.vfp11_veneer   0x0000000000112840        0x0
 .vfp11_veneer  0x0000000000112840        0x0 linker stubs

.v4_bx          0x0000000000112840        0x0
 .v4_bx         0x0000000000112840        0x0 linker stubs

.iplt           0x0000000000112840        0x0
 .iplt          0x0000000000112840        0x0 /opt/devkitpro/devkitARM/bin/../lib/gcc/arm-none-eabi/12.2.0/../../../../arm-none-eabi/lib/armv6k/fpu/3dsx_crt0.o
                0x0000000000113000                . = ALIGN (0x1000)

.rodata         0x0000000000113000      0x494
 *(.rodata)
 .rodata        0x0000000000113000        0x3 /opt/devkitpro/libctru/lib/libctru.a(apt.o)
 *fill*         0x0000000000113003        0x1 
 .rodata        0x0000000000113004        0xc /opt/devkitpro/libctru/lib/libctru.a(archive_dev.o)
 *(.roda)
 *(.rodata.*)
 .rodata.str1.4
                0x0000000000113010        0xc main.o
 .rodata.C2D_Init.str1.4
                0x000000000011301c       0x10 /opt/devkitpro/libctru/lib/libcitro2d.a(base.o)
 .rodata.render2d_shbin
                0x000000000011302c      0x190 /opt/devkitpro/libctru/lib/libcitro2d.a(render2d.shbin.o)
                0x000000000011302c                render2d_shbin
                0x00000000001131b8                render2d_shbin_size
                0x00000000001131b8                render2d_shbin_end
 .rodata.colorFmtSizes
                0x00000000001131bc        0x5 /opt/devkitpro/libctru/lib/libcitro3d.a(framebuffer.o)
 *fill*         0x00000000001131c1        0x3 
 .rodata.depthFmtSizes
                0x00000000001131c4        0x4 /opt/devkitpro/libctru/lib/libcitro3d.a(framebuffer.o)
 .rodata.CSWTCH.9
                0x00000000001131c8       0x10 /opt/devkitpro/libctru/lib/libcitro3d.a(proctex.o)
 .rodata.gspInit.str1.4
                0x00000000001131d8        0x9 /opt/devkitpro/libctru/lib/libctru.a(gspgpu.o)
 *fill*         0x00000000001131e1        0x3 
 .rodata.aptSendCommand.str1.4
                0x00000000001131e4       0x16 /opt/devkitpro/libctru/lib/libctru.a(apt.o)
 *fill*         0x00000000001131fa        0x2 
 .rodata.morton_y.2
                0x00000000001131fc        0x8 /opt/devkitpro/libctru/lib/libctru.a(apt.o)
 .rodata.morton_x.3
                0x0000000000113204        0x8 /opt/devkitpro/libctru/lib/libctru.a(apt.o)
 .rodata.s_sleepWakeEvents.4
                0x000000000011320c        0x8 /opt/devkitpro/libctru/lib/libctru.a(apt.o)
 .rodata.hidInit.str1.4
                0x0000000000113214       0x15 /opt/devkitpro/libctru/lib/libctru.a(hid.o)
 *fill*         0x0000000000113229        0x3 
 .rodata.ptmSysmInit.str1.4
                0x000000000011322c        0x9 /opt/devkitpro/libctru/lib/libctru.a(ptmsysm.o)
 *fill*         0x0000000000113235        0x3 
 .rodata.fsInit.str1.4
                0x0000000000113238        0x8 /opt/devkitpro/libctru/lib/libctru.a(fs.o)
 .rodata.__system_initArgv.str1.4
                0x0000000000113240        0xa /opt/devkitpro/libctru/lib/libctru.a(initArgv.o)
 *fill*         0x000000000011324a        0x2 
 .rodata.srvInit.str1.4
                0x000000000011324c        0x5 /opt/devkitpro/libctru/lib/libctru.a(srv.o)
 *fill*         0x0000000000113251        0x3 
 .rodata.irrstInit.str1.4
                0x0000000000113254        0x7 /opt/devkitpro/libctru/lib/libctru.a(irrst.o)
 *fill*         0x000000000011325b        0x1 
 .rodata._archiveUnmountDeviceStruct.part.0.str1.4
                0x000000000011325c        0x2 /opt/devkitpro/libctru/lib/libctru.a(archive_dev.o)
 *fill*         0x000000000011325e        0x2 
 .rodata._archiveMountDevice.str1.4
                0x0000000000113260        0x8 /opt/devkitpro/libctru/lib/libctru.a(archive_dev.o)
                                          0xc (size before relaxing)
 .rodata.archiveMountSdmc.str1.4
                0x0000000000113268        0x5 /opt/devkitpro/libctru/lib/libctru.a(archive_dev.o)
 *fill*         0x000000000011326d        0x3 
 .rodata.error_table
                0x0000000000113270       0x30 /opt/devkitpro/libctru/lib/libctru.a(archive_dev.o)
 .rodata.str1.4
                0x00000000001132a0        0x8 /opt/devkitpro/libctru/lib/libctru.a(archive_dev.o)
 .rodata.archive_devoptab
                0x00000000001132a8       0x70 /opt/devkitpro/libctru/lib/libctru.a(archive_dev.o)
 .rodata._global_impure_ptr
                0x0000000000113318        0x4 /opt/devkitpro/devkitARM/bin/../lib/gcc/arm-none-eabi/12.2.0/../../../../arm-none-eabi/lib/armv6k/fpu/libg.a(lib_a-impure.o)
                0x0000000000113318                _global_impure_ptr
 .rodata._ctype_
                0x000000000011331c      0x101 /opt/devkitpro/devkitARM/bin/../lib/gcc/arm-none-eabi/12.2.0/../../../../arm-none-eabi/lib/armv6k/fpu/libg.a(lib_a-ctype_.o)
                0x000000000011331c                _ctype_
 .rodata.AddDevice.str1.4
                0x000000000011341d        0x8 /opt/devkitpro/devkitARM/bin/../lib/gcc/arm-none-eabi/12.2.0/../../../../arm-none-eabi/lib/armv6k/fpu/libsysbase.a(iosupport.o)
 *fill*         0x000000000011341d        0x3 
 .rodata.dotab_stdnull
                0x0000000000113420       0x70 /opt/devkitpro/devkitARM/bin/../lib/gcc/arm-none-eabi/12.2.0/../../../../arm-none-eabi/lib/armv6k/fpu/libsysbase.a(iosupport.o)
                0x0000000000113420                dotab_stdnull
 *all.rodata*(*)
 *(.gnu.linkonce.r*)
                0x0000000000113490                . = ALIGN (0x4)
                0x0000000000113490                __tdata_align = .
                0x0000000000113490        0x4 LONG 0x1 ALIGNOF (.tdata)
                0x0000000000113494                . = ALIGN (0x4)

.eh_frame       0x0000000000113494        0x0
 .eh_frame      0x0000000000113494        0x0 /opt/devkitpro/devkitARM/bin/../lib/gcc/arm-none-eabi/12.2.0/armv6k/fpu/crtbegin.o

.rel.dyn        0x0000000000113494        0x0
 .rel.iplt      0x0000000000113494        0x0 /opt/devkitpro/devkitARM/bin/../lib/gcc/arm-none-eabi/12.2.0/../../../../arm-none-eabi/lib/armv6k/fpu/3dsx_crt0.o
 .rel.got       0x0000000000113494        0x0 /opt/devkitpro/devkitARM/bin/../lib/gcc/arm-none-eabi/12.2.0/../../../../arm-none-eabi/lib/armv6k/fpu/3dsx_crt0.o

.ARM.extab
 *(.ARM.extab* .gnu.linkonce.armextab.*)
                0x0000000000113494                __exidx_start = .

ARM.exidx
 *(.ARM.exidx* .gnu.linkonce.armexidx.*)
                0x0000000000113494                __exidx_end = .
                0x0000000000114000                . = ALIGN (0x1000)

.data           0x0000000000114000      0xd28
 *(.data)
 *(.data.*)
 .data.framerate
                0x0000000000114000        0x4 /opt/devkitpro/libctru/lib/libcitro3d.a(renderqueue.o)
 .data.framerateCounter
                0x0000000000114004        0x8 /opt/devkitpro/libctru/lib/libcitro3d.a(renderqueue.o)
 .data.queueLock
                0x000000000011400c        0x4 /opt/devkitpro/libctru/lib/libctru.a(gxqueue.o)
 .data.kCount   0x0000000000114010        0x4 /opt/devkitpro/libctru/lib/libctru.a(hid.o)
 .data.kInterval
                0x0000000000114014        0x4 /opt/devkitpro/libctru/lib/libctru.a(hid.o)
 .data.kDelay   0x0000000000114018        0x4 /opt/devkitpro/libctru/lib/libctru.a(hid.o)
 .data.__stacksize__
                0x000000000011401c        0x4 /opt/devkitpro/libctru/lib/libctru.a(stack_adjust.o)
                0x000000000011401c                __stacksize__
 .data._impure_ptr
                0x0000000000114020        0x4 /opt/devkitpro/devkitARM/bin/../lib/gcc/arm-none-eabi/12.2.0/../../../../arm-none-eabi/lib/armv6k/fpu/libg.a(lib_a-impure.o)
                0x0000000000114020                _impure_ptr
 *fill*         0x0000000000114024        0x4 
 .data.impure_data
                0x0000000000114028      0x460 /opt/devkitpro/devkitARM/bin/../lib/gcc/arm-none-eabi/12.2.0/../../../../arm-none-eabi/lib/armv6k/fpu/libg.a(lib_a-impure.o)
 .data.__malloc_sbrk_base
                0x0000000000114488        0x4 /opt/devkitpro/devkitARM/bin/../lib/gcc/arm-none-eabi/12.2.0/../../../../arm-none-eabi/lib/armv6k/fpu/libg.a(lib_a-mallocr.o)
                0x0000000000114488                __malloc_sbrk_base
 .data.__malloc_trim_threshold
                0x000000000011448c        0x4 /opt/devkitpro/devkitARM/bin/../lib/gcc/arm-none-eabi/12.2.0/../../../../arm-none-eabi/lib/armv6k/fpu/libg.a(lib_a-mallocr.o)
                0x000000000011448c                __malloc_trim_threshold
 .data.__malloc_av_
                0x0000000000114490      0x408 /opt/devkitpro/devkitARM/bin/../lib/gcc/arm-none-eabi/12.2.0/../../../../arm-none-eabi/lib/armv6k/fpu/libg.a(lib_a-mallocr.o)
                0x0000000000114490                __malloc_av_
 .data.devoptab_list
                0x0000000000114898       0x8c /opt/devkitpro/devkitARM/bin/../lib/gcc/arm-none-eabi/12.2.0/../../../../arm-none-eabi/lib/armv6k/fpu/libsysbase.a(iosupport.o)
                0x0000000000114898                devoptab_list
 .data.defaultDevice
                0x0000000000114924        0x4 /opt/devkitpro/devkitARM/bin/../lib/gcc/arm-none-eabi/12.2.0/../../../../arm-none-eabi/lib/armv6k/fpu/libsysbase.a(iosupport.o)
 .data._current_working_directory
                0x0000000000114928      0x400 /opt/devkitpro/devkitARM/bin/../lib/gcc/arm-none-eabi/12.2.0/../../../../arm-none-eabi/lib/armv6k/fpu/libsysbase.a(chdir.o)
 *(.gnu.linkonce.d*)
                0x0000000000114d28                . = ALIGN (0x4)

.igot.plt       0x0000000000114d28        0x0
 .igot.plt      0x0000000000114d28        0x0 /opt/devkitpro/devkitARM/bin/../lib/gcc/arm-none-eabi/12.2.0/../../../../arm-none-eabi/lib/armv6k/fpu/3dsx_crt0.o

.got            0x0000000000114d28        0x8
 .got           0x0000000000114d28        0x8 /opt/devkitpro/devkitARM/bin/../lib/gcc/arm-none-eabi/12.2.0/../../../../arm-none-eabi/lib/armv6k/fpu/3dsx_crt0.o

.got.plt        0x0000000000114d30        0xc
 .got.plt       0x0000000000114d30        0xc /opt/devkitpro/devkitARM/bin/../lib/gcc/arm-none-eabi/12.2.0/../../../../arm-none-eabi/lib/armv6k/fpu/3dsx_crt0.o
                0x0000000000114d30                _GLOBAL_OFFSET_TABLE_

.tdata          0x0000000000114d3c        0x0
                0x0000000000114d3c                __tdata_lma = .
 *(.tdata)
 *(.tdata.*)
 *(.gnu.linkonce.td.*)
                0x0000000000114d3c                . = ALIGN (0x4)
                0x0000000000114d3c                __tdata_lma_end = .

.tbss           0x0000000000114d3c      0xc08
 *(.tbss)
 *(.tbss.*)
 .tbss.__ctru_dev_utf16_buf
                0x0000000000114d3c      0x802 /opt/devkitpro/libctru/lib/libctru.a(path_buf.o)
                0x0000000000114d3c                __ctru_dev_utf16_buf
 *fill*         0x000000000011553e        0x2 
 .tbss.__ctru_dev_path_buf
                0x0000000000115540      0x401 /opt/devkitpro/libctru/lib/libctru.a(path_buf.o)
                0x0000000000115540                __ctru_dev_path_buf
 *(.gnu.linkonce.tb.*)
 *(.tcommon)
                0x0000000000115944                . = ALIGN (0x4)
 *fill*         0x0000000000115941        0x3 

.preinit_array  0x0000000000114d3c        0x0
                0x0000000000114d3c                PROVIDE (__preinit_array_start = .)
 *(.preinit_array)
                0x0000000000114d3c                PROVIDE (__preinit_array_end = .)

.init_array     0x0000000000114d3c        0x4
                0x0000000000114d3c                PROVIDE (__init_array_start = .)
 *(SORT_BY_NAME(.init_array.*))
 *(.init_array)
 .init_array    0x0000000000114d3c        0x4 /opt/devkitpro/devkitARM/bin/../lib/gcc/arm-none-eabi/12.2.0/armv6k/fpu/crtbegin.o
                0x0000000000114d40                PROVIDE (__init_array_end = .)

.fini_array     0x0000000000114d40        0x4
                0x0000000000114d40                PROVIDE (__fini_array_start = .)
 *(.fini_array)
 .fini_array    0x0000000000114d40        0x4 /opt/devkitpro/devkitARM/bin/../lib/gcc/arm-none-eabi/12.2.0/armv6k/fpu/crtbegin.o
 *(SORT_BY_NAME(.fini_array.*))
                0x0000000000114d44                PROVIDE (__fini_array_end = .)

.ctors
 *crtbegin.o(.ctors)
 *(EXCLUDE_FILE(*crtend.o) .ctors)
 *(SORT_BY_NAME(.ctors.*))
 *(.ctors)

.dtors
 *crtbegin.o(.dtors)
 *(EXCLUDE_FILE(*crtend.o) .dtors)
 *(SORT_BY_NAME(.dtors.*))
 *(.dtors)
                0x0000000000114d44                __bss_start__ = .

.bss            0x0000000000114d44     0x3fc4
 *(.dynbss)
 *(.bss)
 *(.bss.*)
 .bss.completed.1
                0x0000000000114d44        0x1 /opt/devkitpro/devkitARM/bin/../lib/gcc/arm-none-eabi/12.2.0/armv6k/fpu/crtbegin.o
 *fill*         0x0000000000114d45        0x3 
 .bss.object.0  0x0000000000114d48       0x18 /opt/devkitpro/devkitARM/bin/../lib/gcc/arm-none-eabi/12.2.0/armv6k/fpu/crtbegin.o
 .bss.__C2Di_Context
                0x0000000000114d60      0x5a8 /opt/devkitpro/libctru/lib/libcitro2d.a(base.o)
                0x0000000000114d60                __C2Di_Context
 .bss.s_projBot
                0x0000000000115308       0x40 /opt/devkitpro/libctru/lib/libcitro2d.a(base.o)
 .bss.s_projTop
                0x0000000000115348       0x40 /opt/devkitpro/libctru/lib/libcitro2d.a(base.o)
 .bss.uLoc_mdlvMtx
                0x0000000000115388        0x4 /opt/devkitpro/libctru/lib/libcitro2d.a(base.o)
 .bss.uLoc_projMtx
                0x000000000011538c        0x4 /opt/devkitpro/libctru/lib/libcitro2d.a(base.o)
 .bss.s_glyphSheets
                0x0000000000115390        0x4 /opt/devkitpro/libctru/lib/libcitro2d.a(text.o)
 .bss.s_textScale
                0x0000000000115394        0x4 /opt/devkitpro/libctru/lib/libcitro2d.a(text.o)
 .bss.__C3D_Context
                0x0000000000115398      0x2d0 /opt/devkitpro/libctru/lib/libcitro3d.a(base.o)
                0x0000000000115398                __C3D_Context
 .bss.hookCookie
                0x0000000000115668        0xc /opt/devkitpro/libctru/lib/libcitro3d.a(base.o)
 *fill*         0x0000000000115674        0x4 
 .bss.cpuTime   0x0000000000115678       0x10 /opt/devkitpro/libctru/lib/libcitro3d.a(renderqueue.o)
 .bss.firstTarget
                0x0000000000115688        0x4 /opt/devkitpro/libctru/lib/libcitro3d.a(renderqueue.o)
 .bss.frameCounter
                0x000000000011568c        0x8 /opt/devkitpro/libctru/lib/libcitro3d.a(renderqueue.o)
 .bss.frameEndCb
                0x0000000000115694        0x4 /opt/devkitpro/libctru/lib/libcitro3d.a(renderqueue.o)
 .bss.frameEndCbData
                0x0000000000115698        0x4 /opt/devkitpro/libctru/lib/libcitro3d.a(renderqueue.o)
 *fill*         0x000000000011569c        0x4 
 .bss.gpuTime   0x00000000001156a0       0x10 /opt/devkitpro/libctru/lib/libcitro3d.a(renderqueue.o)
 .bss.inFrame   0x00000000001156b0        0x1 /opt/devkitpro/libctru/lib/libcitro3d.a(renderqueue.o)
 .bss.inSafeTransfer
                0x00000000001156b1        0x1 /opt/devkitpro/libctru/lib/libcitro3d.a(renderqueue.o)
 .bss.isTopStereo
                0x00000000001156b2        0x1 /opt/devkitpro/libctru/lib/libcitro3d.a(renderqueue.o)
 *fill*         0x00000000001156b3        0x1 
 .bss.lastTarget
                0x00000000001156b4        0x4 /opt/devkitpro/libctru/lib/libcitro3d.a(renderqueue.o)
 .bss.linkedTarget
                0x00000000001156b8        0xc /opt/devkitpro/libctru/lib/libcitro3d.a(renderqueue.o)
 .bss.measureGpuTime
                0x00000000001156c4        0x1 /opt/devkitpro/libctru/lib/libcitro3d.a(renderqueue.o)
 .bss.needSwapBot
                0x00000000001156c5        0x1 /opt/devkitpro/libctru/lib/libcitro3d.a(renderqueue.o)
 .bss.needSwapTop
                0x00000000001156c6        0x1 /opt/devkitpro/libctru/lib/libcitro3d.a(renderqueue.o)
 *fill*         0x00000000001156c7        0x1 
 .bss.C3D_BoolUnifs
                0x00000000001156c8        0x4 /opt/devkitpro/libctru/lib/libcitro3d.a(uniforms.o)
                0x00000000001156c8                C3D_BoolUnifs
 .bss.C3D_BoolUnifsDirty
                0x00000000001156cc        0x2 /opt/devkitpro/libctru/lib/libcitro3d.a(uniforms.o)
                0x00000000001156cc                C3D_BoolUnifsDirty
 *fill*         0x00000000001156ce        0x2 
 .bss.C3D_FVUnif
                0x00000000001156d0      0xc00 /opt/devkitpro/libctru/lib/libcitro3d.a(uniforms.o)
                0x00000000001156d0                C3D_FVUnif
 .bss.C3D_FVUnifDirty
                0x00000000001162d0       0xc0 /opt/devkitpro/libctru/lib/libcitro3d.a(uniforms.o)
                0x00000000001162d0                C3D_FVUnifDirty
 .bss.C3D_IVUnif
                0x0000000000116390       0x20 /opt/devkitpro/libctru/lib/libcitro3d.a(uniforms.o)
                0x0000000000116390                C3D_IVUnif
 .bss.C3D_IVUnifDirty
                0x00000000001163b0        0x8 /opt/devkitpro/libctru/lib/libcitro3d.a(uniforms.o)
                0x00000000001163b0                C3D_IVUnifDirty
 .bss.C3Di_FVUnifEverDirty
                0x00000000001163b8       0xc0 /opt/devkitpro/libctru/lib/libcitro3d.a(uniforms.o)
 .bss.C3Di_IVUnifEverDirty
                0x0000000000116478        0x8 /opt/devkitpro/libctru/lib/libcitro3d.a(uniforms.o)
 .bss.C3Di_ShaderFVecData
                0x0000000000116480       0x18 /opt/devkitpro/libctru/lib/libcitro3d.a(uniforms.o)
 .bss._ZL10sVramPoolB
                0x0000000000116498        0x8 /opt/devkitpro/libctru/lib/libctru.a(vram.o)
 .bss._ZL10sVramPoolA
                0x00000000001164a0        0x8 /opt/devkitpro/libctru/lib/libctru.a(vram.o)
 .bss._ZL8sAddrMap
                0x00000000001164a8        0xc /opt/devkitpro/libctru/lib/libctru.a(vram.o)
 *fill*         0x00000000001164b4        0x4 
 .bss._ZL11sLinearPool
                0x00000000001164b8        0x8 /opt/devkitpro/libctru/lib/libctru.a(linear.o)
 .bss._ZL8sAddrMap
                0x00000000001164c0        0xc /opt/devkitpro/libctru/lib/libctru.a(linear.o)
 .bss.__ctru_speedup
                0x00000000001164cc        0x1 /opt/devkitpro/libctru/lib/libctru.a(os.o)
                0x00000000001164cc                __ctru_speedup
 *fill*         0x00000000001164cd        0x3 
 .bss.sharedFontAddr
                0x00000000001164d0        0x4 /opt/devkitpro/libctru/lib/libctru.a(font.o)
 .bss.g_sharedFont
                0x00000000001164d4        0x4 /opt/devkitpro/libctru/lib/libctru.a(font.o)
                0x00000000001164d4                g_sharedFont
 .bss.screenAlloc
                0x00000000001164d8        0x4 /opt/devkitpro/libctru/lib/libctru.a(gfx.o)
 .bss.screenFree
                0x00000000001164dc        0x4 /opt/devkitpro/libctru/lib/libctru.a(gfx.o)
 .bss.gfxIsDoubleBuf
                0x00000000001164e0        0x2 /opt/devkitpro/libctru/lib/libctru.a(gfx.o)
 *fill*         0x00000000001164e2        0x2 
 .bss.gfxCurBuf
                0x00000000001164e4        0x2 /opt/devkitpro/libctru/lib/libctru.a(gfx.o)
 .bss.gfxIsVram
                0x00000000001164e6        0x1 /opt/devkitpro/libctru/lib/libctru.a(gfx.o)
 .bss.gfxTopMode
                0x00000000001164e7        0x1 /opt/devkitpro/libctru/lib/libctru.a(gfx.o)
 .bss.gfxFramebufferFormats
                0x00000000001164e8        0x2 /opt/devkitpro/libctru/lib/libctru.a(gfx.o)
 *fill*         0x00000000001164ea        0x2 
 .bss.gfxBottomFramebufferMaxSize
                0x00000000001164ec        0x4 /opt/devkitpro/libctru/lib/libctru.a(gfx.o)
 .bss.gfxTopFramebufferMaxSize
                0x00000000001164f0        0x4 /opt/devkitpro/libctru/lib/libctru.a(gfx.o)
 *fill*         0x00000000001164f4        0x4 
 .bss.gfxBottomFramebuffers
                0x00000000001164f8        0x8 /opt/devkitpro/libctru/lib/libctru.a(gfx.o)
 .bss.gfxTopFramebuffers
                0x0000000000116500        0x8 /opt/devkitpro/libctru/lib/libctru.a(gfx.o)
 .bss.boundQueue
                0x0000000000116508        0x4 /opt/devkitpro/libctru/lib/libctru.a(gx.o)
 .bss.shouldStop
                0x000000000011650c        0x1 /opt/devkitpro/libctru/lib/libctru.a(gxqueue.o)
 .bss.isRunning
                0x000000000011650d        0x1 /opt/devkitpro/libctru/lib/libctru.a(gxqueue.o)
 .bss.isActive  0x000000000011650e        0x1 /opt/devkitpro/libctru/lib/libctru.a(gxqueue.o)
 *fill*         0x000000000011650f        0x1 
 .bss.curQueue  0x0000000000116510        0x4 /opt/devkitpro/libctru/lib/libctru.a(gxqueue.o)
 .bss.gpuCmdBufOffset
                0x0000000000116514        0x4 /opt/devkitpro/libctru/lib/libctru.a(gpu.o)
                0x0000000000116514                gpuCmdBufOffset
 .bss.gpuCmdBufSize
                0x0000000000116518        0x4 /opt/devkitpro/libctru/lib/libctru.a(gpu.o)
                0x0000000000116518                gpuCmdBufSize
 .bss.gpuCmdBuf
                0x000000000011651c        0x4 /opt/devkitpro/libctru/lib/libctru.a(gpu.o)
                0x000000000011651c                gpuCmdBuf
 .bss.gspEventCbOneShot
                0x0000000000116520        0x7 /opt/devkitpro/libctru/lib/libctru.a(gspgpu.o)
 *fill*         0x0000000000116527        0x1 
 .bss.gspEventCbData
                0x0000000000116528       0x1c /opt/devkitpro/libctru/lib/libctru.a(gspgpu.o)
 .bss.gspEventCb
                0x0000000000116544       0x1c /opt/devkitpro/libctru/lib/libctru.a(gspgpu.o)
 .bss.gspEvents
                0x0000000000116560       0x38 /opt/devkitpro/libctru/lib/libctru.a(gspgpu.o)
 .bss.gspLastEvent
                0x0000000000116598        0x4 /opt/devkitpro/libctru/lib/libctru.a(gspgpu.o)
 .bss.gspRunEvents
                0x000000000011659c        0x1 /opt/devkitpro/libctru/lib/libctru.a(gspgpu.o)